Component: ARM Compiler 5.06 update 6 (build 750) Tool: armlink [4d35ed]

==============================================================================

Section Cross References

    startup_stm32f427x.o(STACK) refers (Special) to heapauxi.o(.text) for __use_two_region_memory
    startup_stm32f427x.o(HEAP) refers (Special) to heapauxi.o(.text) for __use_two_region_memory
    startup_stm32f427x.o(RESET) refers (Special) to heapauxi.o(.text) for __use_two_region_memory
    startup_stm32f427x.o(RESET) refers to startup_stm32f427x.o(STACK) for __initial_sp
    startup_stm32f427x.o(RESET) refers to startup_stm32f427x.o(.text) for Reset_Handler
    startup_stm32f427x.o(RESET) refers to stm32f4xx_it.o(i.NMI_Handler) for NMI_Handler
    startup_stm32f427x.o(RESET) refers to stm32f4xx_it.o(i.HardFault_Handler) for HardFault_Handler
    startup_stm32f427x.o(RESET) refers to stm32f4xx_it.o(i.MemManage_Handler) for MemManage_Handler
    startup_stm32f427x.o(RESET) refers to stm32f4xx_it.o(i.BusFault_Handler) for BusFault_Handler
    startup_stm32f427x.o(RESET) refers to stm32f4xx_it.o(i.UsageFault_Handler) for UsageFault_Handler
    startup_stm32f427x.o(RESET) refers to stm32f4xx_it.o(i.SVC_Handler) for SVC_Handler
    startup_stm32f427x.o(RESET) refers to stm32f4xx_it.o(i.DebugMon_Handler) for DebugMon_Handler
    startup_stm32f427x.o(RESET) refers to stm32f4xx_it.o(i.PendSV_Handler) for PendSV_Handler
    startup_stm32f427x.o(RESET) refers to main.o(i.SysTick_Handler) for SysTick_Handler
    startup_stm32f427x.o(RESET) refers to bsp_host_com.o(i.DMA1_Stream0_IRQHandler) for DMA1_Stream0_IRQHandler
    startup_stm32f427x.o(RESET) refers to bsp_judge.o(i.DMA1_Stream1_IRQHandler) for DMA1_Stream1_IRQHandler
    startup_stm32f427x.o(RESET) refers to ispimp.o(i.CAN1_RX0_IRQHandler) for CAN1_RX0_IRQHandler
    startup_stm32f427x.o(RESET) refers to bsp_rc.o(i.USART1_IRQHandler) for USART1_IRQHandler
    startup_stm32f427x.o(RESET) refers to ispimp.o(i.CAN2_RX0_IRQHandler) for CAN2_RX0_IRQHandler
    startup_stm32f427x.o(RESET) refers to bsp_imu.o(i.DMA2_Stream6_IRQHandler) for DMA2_Stream6_IRQHandler
    startup_stm32f427x.o(RESET) refers to ispimp.o(i.USART6_IRQHandler) for USART6_IRQHandler
    startup_stm32f427x.o(RESET) refers to ispimp.o(i.UART7_IRQHandler) for UART7_IRQHandler
    startup_stm32f427x.o(RESET) refers to ispimp.o(i.UART8_IRQHandler) for UART8_IRQHandler
    startup_stm32f427x.o(.text) refers (Special) to heapauxi.o(.text) for __use_two_region_memory
    startup_stm32f427x.o(.text) refers to system_stm32f4xx.o(i.SystemInit) for SystemInit
    startup_stm32f427x.o(.text) refers to __main.o(!!!main) for __main
    startup_stm32f427x.o(.text) refers to startup_stm32f427x.o(HEAP) for Heap_Mem
    startup_stm32f427x.o(.text) refers to startup_stm32f427x.o(STACK) for Stack_Mem
    stm32f4xx_adc.o(i.ADC_DeInit) refers to stm32f4xx_rcc.o(i.RCC_APB2PeriphResetCmd) for RCC_APB2PeriphResetCmd
    stm32f4xx_can.o(i.CAN_DeInit) refers to stm32f4xx_rcc.o(i.RCC_APB1PeriphResetCmd) for RCC_APB1PeriphResetCmd
    stm32f4xx_can.o(i.CAN_GetITStatus) refers to stm32f4xx_can.o(i.CheckITStatus) for CheckITStatus
    stm32f4xx_cryp.o(i.CRYP_DeInit) refers to stm32f4xx_rcc.o(i.RCC_AHB2PeriphResetCmd) for RCC_AHB2PeriphResetCmd
    stm32f4xx_cryp_aes.o(i.CRYP_AES_CBC) refers to stm32f4xx_cryp.o(i.CRYP_KeyStructInit) for CRYP_KeyStructInit
    stm32f4xx_cryp_aes.o(i.CRYP_AES_CBC) refers to stm32f4xx_cryp.o(i.CRYP_KeyInit) for CRYP_KeyInit
    stm32f4xx_cryp_aes.o(i.CRYP_AES_CBC) refers to stm32f4xx_cryp.o(i.CRYP_Init) for CRYP_Init
    stm32f4xx_cryp_aes.o(i.CRYP_AES_CBC) refers to stm32f4xx_cryp.o(i.CRYP_IVInit) for CRYP_IVInit
    stm32f4xx_cryp_aes.o(i.CRYP_AES_CBC) refers to stm32f4xx_cryp.o(i.CRYP_FIFOFlush) for CRYP_FIFOFlush
    stm32f4xx_cryp_aes.o(i.CRYP_AES_CBC) refers to stm32f4xx_cryp.o(i.CRYP_Cmd) for CRYP_Cmd
    stm32f4xx_cryp_aes.o(i.CRYP_AES_CBC) refers to stm32f4xx_cryp.o(i.CRYP_GetCmdStatus) for CRYP_GetCmdStatus
    stm32f4xx_cryp_aes.o(i.CRYP_AES_CBC) refers to stm32f4xx_cryp.o(i.CRYP_GetFlagStatus) for CRYP_GetFlagStatus
    stm32f4xx_cryp_aes.o(i.CRYP_AES_CBC) refers to stm32f4xx_cryp.o(i.CRYP_DataIn) for CRYP_DataIn
    stm32f4xx_cryp_aes.o(i.CRYP_AES_CBC) refers to stm32f4xx_cryp.o(i.CRYP_DataOut) for CRYP_DataOut
    stm32f4xx_cryp_aes.o(i.CRYP_AES_CCM) refers to stm32f4xx_cryp.o(i.CRYP_KeyStructInit) for CRYP_KeyStructInit
    stm32f4xx_cryp_aes.o(i.CRYP_AES_CCM) refers to stm32f4xx_cryp.o(i.CRYP_FIFOFlush) for CRYP_FIFOFlush
    stm32f4xx_cryp_aes.o(i.CRYP_AES_CCM) refers to stm32f4xx_cryp.o(i.CRYP_KeyInit) for CRYP_KeyInit
    stm32f4xx_cryp_aes.o(i.CRYP_AES_CCM) refers to stm32f4xx_cryp.o(i.CRYP_IVInit) for CRYP_IVInit
    stm32f4xx_cryp_aes.o(i.CRYP_AES_CCM) refers to stm32f4xx_cryp.o(i.CRYP_Init) for CRYP_Init
    stm32f4xx_cryp_aes.o(i.CRYP_AES_CCM) refers to stm32f4xx_cryp.o(i.CRYP_PhaseConfig) for CRYP_PhaseConfig
[...]
    TIM4_IRQHandler                          0x0800026b   Thumb Code     0  startup_stm32f427x.o(.text)
    TIM5_IRQHandler                          0x0800026b   Thumb Code     0  startup_stm32f427x.o(.text)
    TIM6_DAC_IRQHandler                      0x0800026b   Thumb Code     0  startup_stm32f427x.o(.text)
    TIM7_IRQHandler                          0x0800026b   Thumb Code     0  startup_stm32f427x.o(.text)
    TIM8_BRK_TIM12_IRQHandler                0x0800026b   Thumb Code     0  startup_stm32f427x.o(.text)
    TIM8_CC_IRQHandler                       0x0800026b   Thumb Code     0  startup_stm32f427x.o(.text)
    TIM8_TRG_COM_TIM14_IRQHandler            0x0800026b   Thumb Code     0  startup_stm32f427x.o(.text)
    TIM8_UP_TIM13_IRQHandler                 0x0800026b   Thumb Code     0  startup_stm32f427x.o(.text)
    UART4_IRQHandler                         0x0800026b   Thumb Code     0  startup_stm32f427x.o(.text)
    UART5_IRQHandler                         0x0800026b   Thumb Code     0  startup_stm32f427x.o(.text)
    USART2_IRQHandler                        0x0800026b   Thumb Code     0  startup_stm32f427x.o(.text)
    USART3_IRQHandler                        0x0800026b   Thumb Code     0  startup_stm32f427x.o(.text)
    WWDG_IRQHandler                          0x0800026b   Thumb Code     0  startup_stm32f427x.o(.text)
    __user_initial_stackheap                 0x0800026d   Thumb Code     0  startup_stm32f427x.o(.text)
    __aeabi_memcpy                           0x08000291   Thumb Code     0  rt_memcpy_v6.o(.text)
    __rt_memcpy                              0x08000291   Thumb Code   138  rt_memcpy_v6.o(.text)
    _memcpy_lastbytes                        0x080002f7   Thumb Code     0  rt_memcpy_v6.o(.text)
    __aeabi_memcpy4                          0x0800031b   Thumb Code     0  rt_memcpy_w.o(.text)
    __aeabi_memcpy8                          0x0800031b   Thumb Code     0  rt_memcpy_w.o(.text)
    __rt_memcpy_w                            0x0800031b   Thumb Code   100  rt_memcpy_w.o(.text)
    _memcpy_lastbytes_aligned                0x08000363   Thumb Code     0  rt_memcpy_w.o(.text)
    __use_two_region_memory                  0x0800037f   Thumb Code     2  heapauxi.o(.text)
    __rt_heap_escrow                         0x08000381   Thumb Code     2  heapauxi.o(.text)
    __rt_heap_expand                         0x08000383   Thumb Code     2  heapauxi.o(.text)
    __cpp_initialize__aeabi_                 0x08000385   Thumb Code    26  init_aeabi.o(.text)
    __rt_SIGPVFN                             0x080003a9   Thumb Code    14  defsig_pvfn_outer.o(.text)
    __sig_exit                               0x080003b7   Thumb Code    10  defsig_exit.o(.text)
    __rt_SIGPVFN_inner                       0x080003c1   Thumb Code    14  defsig_pvfn_inner.o(.text)
    _sys_exit                                0x080003f1   Thumb Code     8  sys_exit.o(.text)
    __user_setup_stackheap                   0x080003fd   Thumb Code    74  sys_stackheap_outer.o(.text)
    exit                                     0x08000447   Thumb Code    18  exit.o(.text)
    __default_signal_display                 0x08000459   Thumb Code    50  defsig_general.o(.text)
    _ttywrch                                 0x0800048b   Thumb Code    14  sys_wrch.o(.text)
    __user_libspace                          0x08000499   Thumb Code     8  libspace.o(.text)
    __user_perproc_libspace                  0x08000499   Thumb Code     0  libspace.o(.text)
    __user_perthread_libspace                0x08000499   Thumb Code     0  libspace.o(.text)
    __I$use$semihosting                      0x080004a1   Thumb Code     0  use_no_semi.o(.text)
    __use_no_semihosting_swi                 0x080004a1   Thumb Code     2  use_no_semi.o(.text)
    BusFault_Handler                         0x080004a3   Thumb Code     2  stm32f4xx_it.o(i.BusFault_Handler)
    __semihosting_library_function           0x080004a3   Thumb Code     0  indicate_semi.o(.text)
    CAN1_RX0_IRQHandler                      0x080004a5   Thumb Code    48  ispimp.o(i.CAN1_RX0_IRQHandler)
    CAN2_RX0_IRQHandler                      0x080004d9   Thumb Code    52  ispimp.o(i.CAN2_RX0_IRQHandler)
    CAN_ClearITPendingBit                    0x08000511   Thumb Code   116  stm32f4xx_can.o(i.CAN_ClearITPendingBit)
    CAN_FilterInit                           0x08000589   Thumb Code   194  stm32f4xx_can.o(i.CAN_FilterInit)
    CAN_GetITStatus                          0x08000655   Thumb Code   162  stm32f4xx_can.o(i.CAN_GetITStatus)
    CAN_ITConfig                             0x080006fd   Thumb Code    16  stm32f4xx_can.o(i.CAN_ITConfig)
    CAN_Init                                 0x0800070d   Thumb Code   232  stm32f4xx_can.o(i.CAN_Init)
    CAN_Receive                              0x080007f5   Thumb Code   142  stm32f4xx_can.o(i.CAN_Receive)
    CAN_Transmit                             0x08000883   Thumb Code   164  stm32f4xx_can.o(i.CAN_Transmit)
    DMA1_Stream0_IRQHandler                  0x08000935   Thumb Code     8  bsp_host_com.o(i.DMA1_Stream0_IRQHandler)
    DMA1_Stream1_IRQHandler                  0x08000945   Thumb Code     8  bsp_judge.o(i.DMA1_Stream1_IRQHandler)
    DMA2_Stream6_IRQHandler                  0x08000955   Thumb Code     8  bsp_imu.o(i.DMA2_Stream6_IRQHandler)
    DMA_ClearFlag                            0x08000965   Thumb Code    32  stm32f4xx_dma.o(i.DMA_ClearFlag)
    DMA_Cmd                                  0x08000991   Thumb Code    20  stm32f4xx_dma.o(i.DMA_Cmd)
    DMA_DeInit                               0x080009a5   Thumb Code   272  stm32f4xx_dma.o(i.DMA_DeInit)
    DMA_DoubleBufferModeCmd                  0x08000ac9   Thumb Code    20  stm32f4xx_dma.o(i.DMA_DoubleBufferModeCmd)
    DMA_DoubleBufferModeConfig               0x08000add   Thumb Code    22  stm32f4xx_dma.o(i.DMA_DoubleBufferModeConfig)
    DMA_GetCurrDataCounter                   0x08000af3   Thumb Code     6  stm32f4xx_dma.o(i.DMA_GetCurrDataCounter)
    DMA_GetCurrentMemoryTarget               0x08000af9   Thumb Code    14  stm32f4xx_dma.o(i.DMA_GetCurrentMemoryTarget)
    DMA_GetFlagStatus                        0x08000b09   Thumb Code    40  stm32f4xx_dma.o(i.DMA_GetFlagStatus)
    DMA_ITConfig                             0x08000b3d   Thumb Code    44  stm32f4xx_dma.o(i.DMA_ITConfig)
    DMA_Init                                 0x08000b69   Thumb Code    80  stm32f4xx_dma.o(i.DMA_Init)
    DMA_SetCurrDataCounter                   0x08000bbd   Thumb Code     4  stm32f4xx_dma.o(i.DMA_SetCurrDataCounter)
    DebugMon_Handler                         0x08000bc1   Thumb Code     2  stm32f4xx_it.o(i.DebugMon_Handler)
    GPIO_Init                                0x08000bc3   Thumb Code   120  stm32f4xx_gpio.o(i.GPIO_Init)
    GPIO_PinAFConfig                         0x08000c3b   Thumb Code    32  stm32f4xx_gpio.o(i.GPIO_PinAFConfig)
    GPIO_ResetBits                           0x08000c5b   Thumb Code     4  stm32f4xx_gpio.o(i.GPIO_ResetBits)
    GPIO_SetBits                             0x08000c5f   Thumb Code     4  stm32f4xx_gpio.o(i.GPIO_SetBits)
    HardFault_Handler                        0x08000c63   Thumb Code     2  stm32f4xx_it.o(i.HardFault_Handler)
    MemManage_Handler                        0x08000c65   Thumb Code     2  stm32f4xx_it.o(i.MemManage_Handler)
    NMI_Handler                              0x08000c67   Thumb Code     2  stm32f4xx_it.o(i.NMI_Handler)
    NVIC_Init                                0x08000c69   Thumb Code    96  misc.o(i.NVIC_Init)
    NVIC_PriorityGroupConfig                 0x08000ccd   Thumb Code    10  misc.o(i.NVIC_PriorityGroupConfig)
    PendSV_Handler                           0x08000ce1   Thumb Code     2  stm32f4xx_it.o(i.PendSV_Handler)
    RCC_AHB1PeriphClockCmd                   0x08000ce5   Thumb Code    18  stm32f4xx_rcc.o(i.RCC_AHB1PeriphClockCmd)
    RCC_APB1PeriphClockCmd                   0x08000cfd   Thumb Code    18  stm32f4xx_rcc.o(i.RCC_APB1PeriphClockCmd)
    RCC_APB1PeriphResetCmd                   0x08000d15   Thumb Code    18  stm32f4xx_rcc.o(i.RCC_APB1PeriphResetCmd)
    RCC_APB2PeriphClockCmd                   0x08000d2d   Thumb Code    18  stm32f4xx_rcc.o(i.RCC_APB2PeriphClockCmd)
    RCC_APB2PeriphResetCmd                   0x08000d45   Thumb Code    18  stm32f4xx_rcc.o(i.RCC_APB2PeriphResetCmd)
    RCC_GetClocksFreq                        0x08000d5d   Thumb Code   132  stm32f4xx_rcc.o(i.RCC_GetClocksFreq)
    SVC_Handler                              0x08000eb1   Thumb Code     2  stm32f4xx_it.o(i.SVC_Handler)
    SysTick_CLKSourceConfig                  0x08000f85   Thumb Code    24  misc.o(i.SysTick_CLKSourceConfig)
    SysTick_Handler                          0x08000f9d   Thumb Code   190  main.o(i.SysTick_Handler)
    SystemInit                               0x0800107d   Thumb Code    74  system_stm32f4xx.o(i.SystemInit)
    TIM_Cmd                                  0x080010d9   Thumb Code    20  stm32f4xx_tim.o(i.TIM_Cmd)
    TIM_OC1Init                              0x080010ed   Thumb Code    88  stm32f4xx_tim.o(i.TIM_OC1Init)
    TIM_OC4Init                              0x0800114d   Thumb Code    88  stm32f4xx_tim.o(i.TIM_OC4Init)
    TIM_TimeBaseInit                         0x080011ad   Thumb Code    96  stm32f4xx_tim.o(i.TIM_TimeBaseInit)
    UART7_IRQHandler                         0x08001229   Thumb Code    68  ispimp.o(i.UART7_IRQHandler)
    UART8_IRQHandler                         0x08001271   Thumb Code    88  ispimp.o(i.UART8_IRQHandler)
    USART1_IRQHandler                        0x080012d5   Thumb Code   200  bsp_rc.o(i.USART1_IRQHandler)
    USART6_IRQHandler                        0x080013b1   Thumb Code    46  ispimp.o(i.USART6_IRQHandler)
    USART_ClearFlag                          0x080013e5   Thumb Code     6  stm32f4xx_usart.o(i.USART_ClearFlag)
    USART_Cmd                                0x080013eb   Thumb Code    20  stm32f4xx_usart.o(i.USART_Cmd)
    USART_DMACmd                             0x080013ff   Thumb Code    16  stm32f4xx_usart.o(i.USART_DMACmd)
    USART_DeInit                             0x08001411   Thumb Code   138  stm32f4xx_usart.o(i.USART_DeInit)
    USART_GetFlagStatus                      0x080014bd   Thumb Code    14  stm32f4xx_usart.o(i.USART_GetFlagStatus)
    USART_GetITStatus                        0x080014cb   Thumb Code    62  stm32f4xx_usart.o(i.USART_GetITStatus)
    USART_ITConfig                           0x08001509   Thumb Code    48  stm32f4xx_usart.o(i.USART_ITConfig)
    USART_Init                               0x08001539   Thumb Code   164  stm32f4xx_usart.o(i.USART_Init)
    USART_ReceiveData                        0x080015e5   Thumb Code     8  stm32f4xx_usart.o(i.USART_ReceiveData)
    UsageFault_Handler                       0x080015ed   Thumb Code     2  stm32f4xx_it.o(i.UsageFault_Handler)
    CanManager::CanTransmit(CAN_TypeDef*, unsigned, unsigned char*, unsigned) 0x080015ef   Thumb Code    68  canmanager.o(i._ZN10CanManager11CanTransmitEP11CAN_TypeDefjPhj)
    CanManager::SendOnePacket()              0x08001633   Thumb Code   166  canmanager.o(i._ZN10CanManager13SendOnePacketEv)
    CanManager::SendQueueEmpty()             0x080016d9   Thumb Code    48  canmanager.o(i._ZN10CanManager14SendQueueEmptyEv)
    CanManager::Init()                       0x08001709   Thumb Code    30  canmanager.o(i._ZN10CanManager4InitEv)
    CanManager::Update()                     0x08001727   Thumb Code    36  canmanager.o(i._ZN10CanManager6UpdateEv)
    CanManager::Instance()                   0x0800174d   Thumb Code    42  main.o(i._ZN10CanManager8InstanceEv)
    ChassisFsm::HandleInput()                0x08001785   Thumb Code    58  chassiscontroller.o(i._ZN10ChassisFsm11HandleInputEv)
    ChassisFsm::Init()                       0x080017bf   Thumb Code    36  chassiscontroller.o(i._ZN10ChassisFsm4InitEv)
    HostPacket::Registration()               0x080017e3   Thumb Code    24  hostpacket.o(i._ZN10HostPacket12RegistrationEv)
    HostPacket::Init(unsigned char)          0x080017fb   Thumb Code    16  hostpacket.o(i._ZN10HostPacket4InitEh)
    BoardPacket::Registration()              0x0800180b   Thumb Code    44  boardpacket.o(i._ZN11BoardPacket12RegistrationEv)
    BoardPacket::Init(BoardPacketChannelIdType, unsigned char) 0x08001837   Thumb Code    20  boardpacket.o(i._ZN11BoardPacket4InitE24BoardPacketChannelIdTypeh)
    BoardPacket::BoardPacket__sub_object()   0x0800184d   Thumb Code    12  boardpacket.o(i._ZN11BoardPacketC2Ev)
    CanMsgQueue::Enqueue(CanRxMsg*)          0x0800185d   Thumb Code    38  ispimp.o(i._ZN11CanMsgQueue7EnqueueEP8CanRxMsg)
    CanMsgQueue::CanMsgQueue()               0x08001883   Thumb Code    12  canmsgdispatcher.o(i._ZN11CanMsgQueueC1Ev)
    CanMsgQueue::CanMsgQueue__sub_object()   0x08001883   Thumb Code     0  canmsgdispatcher.o(i._ZN11CanMsgQueueC1Ev)
    JudgeSystem::Instance()                  0x08001891   Thumb Code   136  ispimp.o(i._ZN11JudgeSystem8InstanceEv)
    RobotEngine::Init()                      0x08001921   Thumb Code    64  robotengine.o(i._ZN11RobotEngine4InitEv)
    RobotEngine::Tick()                      0x08001961   Thumb Code   128  robotengine.o(i._ZN11RobotEngine4TickEv)
    RobotEngine::GetTick()                   0x080019e9   Thumb Code    40  chassiscontroller.o(i._ZN11RobotEngine7GetTickEv)
    RobotEngine::AddEntity(Entity*, EntityType) 0x08001a19   Thumb Code    48  robotengine.o(i._ZN11RobotEngine9AddEntityEP6Entity10EntityType)
    RobotEngine::RobotEngine(RobotEngine*, unsigned) 0x08001a49   Thumb Code    54  robotengine.o(i._ZN11RobotEngineC1EPS_j)
    RobotEngine::RobotEngine__sub_object(RobotEngine*, unsigned) 0x08001a49   Thumb Code     0  robotengine.o(i._ZN11RobotEngineC1EPS_j)
    GimbalRefMsg::UncompressUint16(unsigned short) 0x08001a89   Thumb Code    30  gimbalrefmsg.o(i._ZN12GimbalRefMsg16UncompressUint16Et)
    GimbalRefMsg::HandleNewCanRxMsg(CanRxMsg*) 0x08001ab5   Thumb Code    74  gimbalrefmsg.o(i._ZN12GimbalRefMsg17HandleNewCanRxMsgEP8CanRxMsg)
    GimbalRefMsg::Init(CAN_TypeDef*, unsigned) 0x08001b09   Thumb Code    72  gimbalrefmsg.o(i._ZN12GimbalRefMsg4InitEP11CAN_TypeDefj)
    SensorEntity::HasNewData()               0x08001b65   Thumb Code     4  entity.o(i._ZN12SensorEntity10HasNewDataEv)
    SensorEntity::Init()                     0x08001b69   Thumb Code     2  entity.o(i._ZN12SensorEntity4InitEv)
    SensorEntity::IsTimeout()                0x08001b6b   Thumb Code    30  entity.o(i._ZN12SensorEntity9IsTimeoutEv)
    SensorEntity::SensorEntity(EntityClassType) 0x08001b89   Thumb Code    30  entity.o(i._ZN12SensorEntityC1E15EntityClassType)
    SensorEntity::SensorEntity__sub_object(EntityClassType) 0x08001b89   Thumb Code     0  entity.o(i._ZN12SensorEntityC1E15EntityClassType)
    CanMsgHandler::HandleNewCanRxMsg(CanRxMsg*) 0x08001bb1   Thumb Code    52  m3508sensorhandler.o(i._ZN13CanMsgHandler17HandleNewCanRxMsgEP8CanRxMsg)
    CanMsgHandler::CanMsgHandler()           0x08001bed   Thumb Code    14  boardpacket.o(i._ZN13CanMsgHandlerC1Ev)
    CanMsgHandler::CanMsgHandler__sub_object() 0x08001bed   Thumb Code     0  boardpacket.o(i._ZN13CanMsgHandlerC1Ev)
    PacketManager::FlushSendBuffer()         0x08001c01   Thumb Code    76  packet.o(i._ZN13PacketManager15FlushSendBufferEv)
    PacketManager::PacketHandlerRegistration(unsigned, unsigned, Packet*) 0x08001c55   Thumb Code    44  packet.o(i._ZN13PacketManager25PacketHandlerRegistrationEjjP6Packet)
    PacketManager::Init()                    0x08001c81   Thumb Code     8  packet.o(i._ZN13PacketManager4InitEv)
    PacketManager::Update()                  0x08001c89   Thumb Code    34  packet.o(i._ZN13PacketManager6UpdateEv)
    PacketManager::Enqueue(unsigned, unsigned char*, unsigned) 0x08001cab   Thumb Code    36  packet.o(i._ZN13PacketManager7EnqueueEjPhj)
    PacketManager::PacketManager__sub_object(unsigned) 0x08001cd1   Thumb Code    12  packet.o(i._ZN13PacketManagerC2Ej)
    StreamChannel::HandlePacket()            0x08001ce1   Thumb Code   172  packet.o(i._ZN13StreamChannel12HandlePacketEv)
    StreamChannel::PacketHandlerRegistration(unsigned, Packet*) 0x08001d95   Thumb Code    76  packet.o(i._ZN13StreamChannel25PacketHandlerRegistrationEjP6Packet)
    StreamChannel::Update()                  0x08001de1   Thumb Code   196  packet.o(i._ZN13StreamChannel6UpdateEv)
    StreamChannel::Enqueue(unsigned char*, unsigned) 0x08001ea5   Thumb Code    40  packet.o(i._ZN13StreamChannel7EnqueueEPhj)
    StreamChannel::StreamChannel()           0x08001ecd   Thumb Code   106  packet.o(i._ZN13StreamChannelC1Ev)
    StreamChannel::StreamChannel__sub_object() 0x08001ecd   Thumb Code     0  packet.o(i._ZN13StreamChannelC1Ev)
    ActuatorEntity::Init()                   0x08001f45   Thumb Code     2  entity.o(i._ZN14ActuatorEntity4InitEv)
    ActuatorEntity::ActuatorEntity(EntityClassType) 0x08001f49   Thumb Code    20  entity.o(i._ZN14ActuatorEntityC1E15EntityClassType)
    ActuatorEntity::ActuatorEntity__sub_object(EntityClassType) 0x08001f49   Thumb Code     0  entity.o(i._ZN14ActuatorEntityC1E15EntityClassType)
    ChassisCtrlMsg::CompressFloat(float)     0x08001f65   Thumb Code    36  chassisctrlmsg.o(i._ZN14ChassisCtrlMsg13CompressFloatEf)
    ChassisCtrlMsg::UncompressUint16(unsigned short) 0x08001f95   Thumb Code    30  chassisctrlmsg.o(i._ZN14ChassisCtrlMsg16UncompressUint16Et)
    ChassisCtrlMsg::HandleNewCanRxMsg(CanRxMsg*) 0x08001fc1   Thumb Code   104  chassisctrlmsg.o(i._ZN14ChassisCtrlMsg17HandleNewCanRxMsgEP8CanRxMsg)
    ChassisCtrlMsg::Init(CAN_TypeDef*, unsigned) 0x08002031   Thumb Code    76  chassisctrlmsg.o(i._ZN14ChassisCtrlMsg4InitEP11CAN_TypeDefj)
    ChassisCtrlMsg::SendMsg()                0x08002091   Thumb Code   102  chassisctrlmsg.o(i._ZN14ChassisCtrlMsg7SendMsgEv)
    ChassisStateRc::Exit(ChassisController*) 0x08002105   Thumb Code     2  chassisstaterc.o(i._ZN14ChassisStateRc4ExitEP17ChassisController)
    ChassisStateRc::Init(ChassisController*) 0x08002107   Thumb Code     2  chassisstaterc.o(i._ZN14ChassisStateRc4InitEP17ChassisController)
    ChassisStateRc::Enter(ChassisController*) 0x08002109   Thumb Code     2  chassisstaterc.o(i._ZN14ChassisStateRc5EnterEP17ChassisController)
    ChassisStateRc::Execute(ChassisController*) 0x0800210d   Thumb Code   112  chassisstaterc.o(i._ZN14ChassisStateRc7ExecuteEP17ChassisController)
    ChassisStateRc::Instance()               0x08002181   Thumb Code    34  chassiscontroller.o(i._ZN14ChassisStateRc8InstanceEv)
    TestHostPacket::OnPacketReceived()       0x080021b1   Thumb Code    48  hostpacket.o(i._ZN14TestHostPacket16OnPacketReceivedEv)
    TestHostPacket::Init(unsigned char)      0x080021e1   Thumb Code    16  hostpacket.o(i._ZN14TestHostPacket4InitEh)
    TestBoardPacket::OnPacketReceived()      0x080021f1   Thumb Code    74  boardpacket.o(i._ZN15TestBoardPacket16OnPacketReceivedEv)
    TestBoardPacket::Init(BoardPacketChannelIdType, unsigned char) 0x0800223b   Thumb Code    16  boardpacket.o(i._ZN15TestBoardPacket4InitE24BoardPacketChannelIdTypeh)
    CanMsgDispatcher::RegisterHandler(CAN_TypeDef*, int, CanMsgHandler*) 0x0800224d   Thumb Code   100  canmsgdispatcher.o(i._ZN16CanMsgDispatcher15RegisterHandlerEP11CAN_TypeDefiP13CanMsgHandler)
    CanMsgDispatcher::Update()               0x080022b5   Thumb Code   216  canmsgdispatcher.o(i._ZN16CanMsgDispatcher6UpdateEv)
    CanMsgDispatcher::Instance()             0x08002399   Thumb Code    46  boardpacket.o(i._ZN16CanMsgDispatcher8InstanceEv)
    ControllerEntity::Init()                 0x080023d9   Thumb Code     2  entity.o(i._ZN16ControllerEntity4InitEv)
    ControllerEntity::ControllerEntity(EntityClassType) 0x080023dd   Thumb Code    20  entity.o(i._ZN16ControllerEntityC1E15EntityClassType)
    ControllerEntity::ControllerEntity__sub_object(EntityClassType) 0x080023dd   Thumb Code     0  entity.o(i._ZN16ControllerEntityC1E15EntityClassType)
    FirstOrderFilter::Update()               0x080023f9   Thumb Code    88  chassiscontroller.o(i._ZN16FirstOrderFilter6UpdateEv)
    RobotStatePacket::OnPacketReceived()     0x08002455   Thumb Code    64  boardpacket.o(i._ZN16RobotStatePacket16OnPacketReceivedEv)
    RobotStatePacket::Init(BoardPacketChannelIdType, unsigned char) 0x08002495   Thumb Code    26  boardpacket.o(i._ZN16RobotStatePacket4InitE24BoardPacketChannelIdTypeh)
    ArrayStreamHelper::ReadUint16(unsigned char*&, bool) 0x080024af   Thumb Code    26  judgesystem.o(i._ZN17ArrayStreamHelper10ReadUint16ERPhb)
    ChassisController::FilterUpdate()        0x080024c9   Thumb Code    76  chassiscontroller.o(i._ZN17ChassisController12FilterUpdateEv)
    ChassisController::MaxDeltaVLimit()      0x08002515   Thumb Code   178  chassiscontroller.o(i._ZN17ChassisController14MaxDeltaVLimitEv)
    ChassisController::ChassisSpd2MotorSpd() 0x080025e9   Thumb Code   110  chassiscontroller.o(i._ZN17ChassisController19ChassisSpd2MotorSpdEv)
    ChassisController::MotorSpd2ChassisSpdFdb() 0x0800265d   Thumb Code   108  chassiscontroller.o(i._ZN17ChassisController22MotorSpd2ChassisSpdFdbEv)
    ChassisController::Init()                0x080026d1   Thumb Code   254  chassiscontroller.o(i._ZN17ChassisController4InitEv)
    ChassisController::Update()              0x080027fd   Thumb Code   212  chassiscontroller.o(i._ZN17ChassisController6UpdateEv)
    ChassisController::ChassisController()   0x080028d1   Thumb Code    68  chassiscontroller.o(i._ZN17ChassisControllerC1Ev)
    ChassisController::ChassisController__sub_object() 0x080028d1   Thumb Code     0  chassiscontroller.o(i._ZN17ChassisControllerC1Ev)
    ChassisStateDummy::Exit(ChassisController*) 0x08002929   Thumb Code     2  chassisstatedummy.o(i._ZN17ChassisStateDummy4ExitEP17ChassisController)
    ChassisStateDummy::Init(ChassisController*) 0x0800292d   Thumb Code    38  chassisstatedummy.o(i._ZN17ChassisStateDummy4InitEP17ChassisController)
    ChassisStateDummy::Enter(ChassisController*) 0x0800295d   Thumb Code     2  chassisstatedummy.o(i._ZN17ChassisStateDummy5EnterEP17ChassisController)
    ChassisStateDummy::Execute(ChassisController*) 0x08002961   Thumb Code    78  chassisstatedummy.o(i._ZN17ChassisStateDummy7ExecuteEP17ChassisController)
    ChassisStateDummy::Instance()            0x080029bd   Thumb Code    34  chassiscontroller.o(i._ZN17ChassisStateDummy8InstanceEv)
    HostPacketManager::FlushSendBufferLow()  0x080029ed   Thumb Code    32  hostpacket.o(i._ZN17HostPacketManager18FlushSendBufferLowEv)
    HostPacketManager::Init()                0x08002a0d   Thumb Code    30  hostpacket.o(i._ZN17HostPacketManager4InitEv)
    HostPacketManager::Instance()            0x08002a2d   Thumb Code    34  hostpacket.o(i._ZN17HostPacketManager8InstanceEv)
    HostPacketManager::HostPacketManager()   0x08002a59   Thumb Code    54  hostpacket.o(i._ZN17HostPacketManagerC1Ev)
    HostPacketManager::HostPacketManager__sub_object() 0x08002a59   Thumb Code     0  hostpacket.o(i._ZN17HostPacketManagerC1Ev)
    InputMemoryStream::SerializeU8(unsigned char&) 0x08002a99   Thumb Code     6  memorystream.o(i._ZN17InputMemoryStream11SerializeU8ERh)
    InputMemoryStream::SerializeU16(unsigned short&) 0x08002a9f   Thumb Code    20  memorystream.o(i._ZN17InputMemoryStream12SerializeU16ERt)
    InputMemoryStream::SerializeU32(unsigned&) 0x08002ab3   Thumb Code    18  memorystream.o(i._ZN17InputMemoryStream12SerializeU32ERj)
    InputMemoryStream::SerializeBytes(unsigned char*, unsigned char) 0x08002ac5   Thumb Code    12  memorystream.o(i._ZN17InputMemoryStream14SerializeBytesEPhh)
    InputMemoryStream::ReadBits(unsigned char*&, unsigned) 0x08002ad1   Thumb Code    48  memorystream.o(i._ZN17InputMemoryStream8ReadBitsERPhj)
    InputMemoryStream::ReadBits(unsigned char&, unsigned) 0x08002b01   Thumb Code    58  memorystream.o(i._ZN17InputMemoryStream8ReadBitsERhj)
    InputMemoryStream::InputMemoryStream(unsigned char*) 0x08002b3b   Thumb Code     8  memorystream.o(i._ZN17InputMemoryStreamC1EPh)
    InputMemoryStream::InputMemoryStream__sub_object(unsigned char*) 0x08002b3b   Thumb Code     0  memorystream.o(i._ZN17InputMemoryStreamC1EPh)
    BoardPacketManager::HandleNewCanRxMsg(CanRxMsg*) 0x08002b43   Thumb Code    28  boardpacket.o(i._ZN18BoardPacketManager17HandleNewCanRxMsgEP8CanRxMsg)
    BoardPacketManager::FlushSendBufferLow() 0x08002b61   Thumb Code    70  boardpacket.o(i._ZN18BoardPacketManager18FlushSendBufferLowEv)
    BoardPacketManager::Init()               0x08002bb5   Thumb Code   118  boardpacket.o(i._ZN18BoardPacketManager4InitEv)
    BoardPacketManager::Update()             0x08002c31   Thumb Code     4  boardpacket.o(i._ZN18BoardPacketManager6UpdateEv)
    BoardPacketManager::Instance()           0x08002c35   Thumb Code    34  chassiscontroller.o(i._ZN18BoardPacketManager8InstanceEv)
    BoardPacketManager::BoardPacketManager() 0x08002c61   Thumb Code   122  boardpacket.o(i._ZN18BoardPacketManagerC1Ev)
    BoardPacketManager::BoardPacketManager__sub_object() 0x08002c61   Thumb Code     0  boardpacket.o(i._ZN18BoardPacketManagerC1Ev)
    M3508SensorHandler::HasNewData()         0x08002cf9   Thumb Code    12  m3508sensorhandler.o(i._ZN18M3508SensorHandler10HasNewDataEv)
    M3508SensorHandler::HandleNewCanRxMsg(CanRxMsg*) 0x08002d05   Thumb Code    18  m3508sensorhandler.o(i._ZN18M3508SensorHandler17HandleNewCanRxMsgEP8CanRxMsg)
    M3508SensorHandler::Init()               0x08002d17   Thumb Code     6  m3508sensorhandler.o(i._ZN18M3508SensorHandler4InitEv)
    M3508SensorHandler::Update()             0x08002d1d   Thumb Code   200  m3508sensorhandler.o(i._ZN18M3508SensorHandler6UpdateEv)
    M3508SensorHandler::M3508SensorHandler() 0x08002df9   Thumb Code    92  m3508sensorhandler.o(i._ZN18M3508SensorHandlerC1Ev)
    M3508SensorHandler::M3508SensorHandler__sub_object() 0x08002df9   Thumb Code     0  m3508sensorhandler.o(i._ZN18M3508SensorHandlerC1Ev)
    OutputMemoryStream::OutputMemoryStream(unsigned char*) 0x08002e5d   Thumb Code     8  memorystream.o(i._ZN18OutputMemoryStreamC1EPh)
    OutputMemoryStream::OutputMemoryStream__sub_object(unsigned char*) 0x08002e5d   Thumb Code     0  memorystream.o(i._ZN18OutputMemoryStreamC1EPh)
    DjiCanMotorCommander::Add2Buffer(CAN_TypeDef*, int, short) 0x08002e65   Thumb Code    62  djicanmotorcommander.o(i._ZN20DjiCanMotorCommander10Add2BufferEP11CAN_TypeDefis)
    DjiCanMotorCommander::Update()           0x08002ea9   Thumb Code   186  djicanmotorcommander.o(i._ZN20DjiCanMotorCommander6UpdateEv)
    Crc::Get_CRC8_Check_Sum(unsigned char*, unsigned, unsigned char) 0x08002f6d   Thumb Code    22  crc.o(i._ZN3Crc18Get_CRC8_Check_SumEPhjh)
    Crc::VerifyCrc8CheckSum(unsigned char*, unsigned) 0x08002f89   Thumb Code    38  crc.o(i._ZN3Crc18VerifyCrc8CheckSumEPhj)
    Crc::Get_CRC16_Check_Sum(unsigned char*, unsigned, unsigned short) 0x08002fb1   Thumb Code    38  crc.o(i._ZN3Crc19Get_CRC16_Check_SumEPhjt)
    Crc::VerifyCrc16CheckSum(unsigned char*, unsigned) 0x08002fdd   Thumb Code    52  crc.o(i._ZN3Crc19VerifyCrc16CheckSumEPhj)
    Pid::UpdateResult()                      0x08003011   Thumb Code   246  pid.o(i._ZN3Pid12UpdateResultEv)
    Pid::Pid()                               0x08003109   Thumb Code    54  pid.o(i._ZN3PidC1Ev)
    Pid::Pid__sub_object()                   0x08003109   Thumb Code     0  pid.o(i._ZN3PidC1Ev)
    Dr16::QuerySwState(Dr16::RcSwType, Dr16::RcSwStatusType) 0x08003145   Thumb Code    96  dr16.o(i._ZN4Dr1612QuerySwStateENS_8RcSwTypeENS_14RcSwStatusTypeE)
    Dr16::NormalizeAxis(short)               0x080031a5   Thumb Code    50  dr16.o(i._ZN4Dr1613NormalizeAxisEs)
    Dr16::UpdateKbdEvents()                  0x080031e1   Thumb Code    64  dr16.o(i._ZN4Dr1615UpdateKbdEventsEv)
    Dr16::UpdateNormalizedAxis()             0x08003221   Thumb Code    70  dr16.o(i._ZN4Dr1620UpdateNormalizedAxisEv)
    Dr16::Init()                             0x08003269   Thumb Code    50  dr16.o(i._ZN4Dr164InitEv)
    Dr16::Update()                           0x080032a5   Thumb Code    36  dr16.o(i._ZN4Dr166UpdateEv)
    Dr16::Instance()                         0x080032c9   Thumb Code    34  chassiscontroller.o(i._ZN4Dr168InstanceEv)
    Dr16::Dr16()                             0x080032f5   Thumb Code    66  dr16.o(i._ZN4Dr16C1Ev)
    Dr16::Dr16__sub_object()                 0x080032f5   Thumb Code     0  dr16.o(i._ZN4Dr16C1Ev)
    Math::LimitMax(float, float)             0x08003345   Thumb Code    30  pid.o(i._ZN4Math8LimitMaxEff)
    Time::GetTick()                          0x08003365   Thumb Code    40  entity.o(i._ZN4Time7GetTickEv)
    Time::Instance()                         0x08003395   Thumb Code    38  main.o(i._ZN4Time8InstanceEv)
    Grasp::Init()                            0x080033c5   Thumb Code    14  grasp.o(i._ZN5Grasp4InitEv)
    Grasp::Update()                          0x080033d3   Thumb Code    28  grasp.o(i._ZN5Grasp6UpdateEv)
    Grasp::stretch()                         0x080033ef   Thumb Code    20  grasp.o(i._ZN5Grasp7stretchEv)
    Grasp::Instance()                        0x08003405   Thumb Code    34  chassiscontroller.o(i._ZN5Grasp8InstanceEv)
    Grasp::contract()                        0x08003431   Thumb Code    20  grasp.o(i._ZN5Grasp8contractEv)
    Grasp::Grasp()                           0x08003445   Thumb Code    10  grasp.o(i._ZN5GraspC1Ev)
    Grasp::Grasp__sub_object()               0x08003445   Thumb Code     0  grasp.o(i._ZN5GraspC1Ev)
    M3508::Update()                          0x08003455   Thumb Code   178  m3508.o(i._ZN5M35086UpdateEv)
    M3508::M3508()                           0x08003519   Thumb Code    74  m3508.o(i._ZN5M3508C1Ev)
    M3508::M3508__sub_object()               0x08003519   Thumb Code     0  m3508.o(i._ZN5M3508C1Ev)
    Entity::ClearUpdateFlag()                0x0800356d   Thumb Code    10  entity.o(i._ZN6Entity15ClearUpdateFlagEv)
    Entity::Init()                           0x08003577   Thumb Code     2  entity.o(i._ZN6Entity4InitEv)
    Entity::Update()                         0x08003579   Thumb Code    42  entity.o(i._ZN6Entity6UpdateEv)
    Entity::Entity(EntityType, EntityClassType, RobotEngine*) 0x080035a5   Thumb Code    42  entity.o(i._ZN6EntityC1E10EntityType15EntityClassTypeP11RobotEngine)
    Entity::Entity__sub_object(EntityType, EntityClassType, RobotEngine*) 0x080035a5   Thumb Code     0  entity.o(i._ZN6EntityC1E10EntityType15EntityClassTypeP11RobotEngine)
    Packet::MoveBuffer(const unsigned char*, unsigned char) 0x080035d5   Thumb Code     8  packet.o(i._ZN6Packet10MoveBufferEPKhh)
    Packet::Packet__sub_object()             0x080035dd   Thumb Code    80  packet.o(i._ZN6PacketC2Ev)
    thunk{-1040} to BoardPacketManager::HandleNewCanRxMsg(CanRxMsg*) 0x08003635   Thumb Code     8  boardpacket.o(i._ZThn1040_N18BoardPacketManager17HandleNewCanRxMsgEP8CanRxMsg)
    thunk{-36} to M3508SensorHandler::HandleNewCanRxMsg(CanRxMsg*) 0x0800363d   Thumb Code     6  m3508sensorhandler.o(i._ZThn36_N18M3508SensorHandler17HandleNewCanRxMsgEP8CanRxMsg)
    __aeabi_vec_ctor_nocookie_nodtor         0x08003643   Thumb Code    36  aeabi_vec_ctor_nocookie_nodtor.o(i.__aeabi_vec_ctor_nocookie_nodtor)
    __cxa_guard_acquire                      0x08003667   Thumb Code    16  cxa_guard_acquire.o(i.__cxa_guard_acquire)
    __cxa_pure_virtual                       0x08003677   Thumb Code     6  pure_virt.o(i.__cxa_pure_virtual)
    bsp_buzzer_init                          0x080036b5   Thumb Code   142  bsp_buzzer.o(i.bsp_buzzer_init)
    bsp_buzzer_off                           0x0800374d   Thumb Code     8  bsp_buzzer.o(i.bsp_buzzer_off)
    bsp_buzzer_on                            0x08003759   Thumb Code     8  bsp_buzzer.o(i.bsp_buzzer_on)
    bsp_can1_init                            0x08003765   Thumb Code   228  bsp_can.o(i.bsp_can1_init)
    bsp_can2_init                            0x08003851   Thumb Code   234  bsp_can.o(i.bsp_can2_init)
    bsp_gpio_high                            0x08003945   Thumb Code     8  bsp_gpio.o(i.bsp_gpio_high)
    bsp_gpio_init                            0x08003951   Thumb Code    48  bsp_gpio.o(i.bsp_gpio_init)
    bsp_gpio_low                             0x08003985   Thumb Code     8  bsp_gpio.o(i.bsp_gpio_low)
    bsp_host_com_init                        0x08003991   Thumb Code   300  bsp_host_com.o(i.bsp_host_com_init)
    bsp_host_com_send                        0x08003acd   Thumb Code    70  bsp_host_com.o(i.bsp_host_com_send)
    bsp_host_com_send_busy                   0x08003b21   Thumb Code    18  bsp_host_com.o(i.bsp_host_com_send_busy)
    bsp_led_init                             0x08003b3d   Thumb Code    92  bsp_led.o(i.bsp_led_init)
    bsp_led_off                              0x08003ba5   Thumb Code    76  bsp_led.o(i.bsp_led_off)
    bsp_led_on                               0x08003bfd   Thumb Code    76  bsp_led.o(i.bsp_led_on)
    bsp_pwm_init                             0x08003c55   Thumb Code   138  bsp_pwm.o(i.bsp_pwm_init)
    bsp_pwm_off                              0x08003ce9   Thumb Code     8  bsp_pwm.o(i.bsp_pwm_off)
    bsp_pwm_on                               0x08003cf5   Thumb Code     8  bsp_pwm.o(i.bsp_pwm_on)
    bsp_pwm_set_dutyratio                    0x08003d01   Thumb Code     6  bsp_pwm.o(i.bsp_pwm_set_dutyratio)
    bsp_rc_enable                            0x08003d0d   Thumb Code     8  bsp_rc.o(i.bsp_rc_enable)
    bsp_rc_init                              0x08003d19   Thumb Code   296  bsp_rc.o(i.bsp_rc_init)
    bsp_read_rc_update_flag                  0x08003e55   Thumb Code    10  bsp_rc.o(i.bsp_read_rc_update_flag)
    bsp_remote_control_init                  0x08003e65   Thumb Code    12  bsp_rc.o(i.bsp_remote_control_init)
    get_remote_control_raw                   0x08003e75   Thumb Code     4  bsp_rc.o(i.get_remote_control_raw)
    main                                     0x08003e7d   Thumb Code   160  main.o(i.main)
    StateMachine<ChassisController>::ChangeState(State<ChassisController>*) 0x08003f2d   Thumb Code    44  chassiscontroller.o(t._ZN12StateMachineI17ChassisControllerE11ChangeStateEP5StateIS0_E)
    void TestHostPacket::SerializePacket<InputMemoryStream>(T1&) 0x08003f59   Thumb Code   104  hostpacket.o(t._ZN14TestHostPacket15SerializePacketI17InputMemoryStreamEEvRT_)
    void Packet::SerializeCrc16<InputMemoryStream>(T1&) 0x08003fc1   Thumb Code     2  boardpacket.o(t._ZN6Packet14SerializeCrc16I17InputMemoryStreamEEvRT_)
    void Packet::SerializeHeader<InputMemoryStream>(T1&) 0x08003fc3   Thumb Code    86  boardpacket.o(t._ZN6Packet15SerializeHeaderI17InputMemoryStreamEEvRT_)
    HashTable<CanMsgHandler*>::HashTable()   0x08004019   Thumb Code    26  chassiscontroller.o(t._ZN9HashTableIP13CanMsgHandlerEC1Ev)
    HashTable<CanMsgHandler*>::HashTable__sub_object() 0x08004019   Thumb Code     0  chassiscontroller.o(t._ZN9HashTableIP13CanMsgHandlerEC1Ev)
    _fp_init                                 0x08004033   Thumb Code    10  fpinit.o(x$fpl$fpinit)
    __fplib_config_fpu_vfp                   0x0800403b   Thumb Code     0  fpinit.o(x$fpl$fpinit)
    __fplib_config_pureend_doubles           0x0800403b   Thumb Code     0  fpinit.o(x$fpl$fpinit)
    Crc::CRC8_TAB                            0x0800403c   Data         256  crc.o(.constdata)
    Crc::CRC16_TAB                           0x0800413c   Data         512  crc.o(.constdata)
    vtable for ChassisFsm                    0x08004dc8   Data          12  chassiscontroller.o(.constdata__ZTV10ChassisFsm)
    vtable for BoardPacket                   0x08004dd4   Data          24  boardpacket.o(.constdata__ZTV11BoardPacket)
    vtable for GimbalRefMsg                  0x08004dec   Data          12  gimbalrefmsg.o(.constdata__ZTV12GimbalRefMsg)
    vtable for SensorEntity                  0x08004df8   Data          20  entity.o(.constdata__ZTV12SensorEntity)
    vtable for CanMsgHandler                 0x08004e0c   Data          12  boardpacket.o(.constdata__ZTV13CanMsgHandler)
    vtable for PacketManager                 0x08004e18   Data          20  packet.o(.constdata__ZTV13PacketManager)
    vtable for ActuatorEntity                0x08004e2c   Data          16  entity.o(.constdata__ZTV14ActuatorEntity)
    vtable for ChassisCtrlMsg                0x08004e3c   Data          12  chassisctrlmsg.o(.constdata__ZTV14ChassisCtrlMsg)
    vtable for ChassisStateRc                0x08004e48   Data          24  chassisstaterc.o(.constdata__ZTV14ChassisStateRc)
    vtable for TestHostPacket                0x08004e60   Data          24  hostpacket.o(.constdata__ZTV14TestHostPacket)
    vtable for TestBoardPacket               0x08004e78   Data          24  boardpacket.o(.constdata__ZTV15TestBoardPacket)
    vtable for CanMsgDispatcher              0x08004e90   Data          12  canmsgdispatcher.o(.constdata__ZTV16CanMsgDispatcher)
    vtable for ControllerEntity              0x08004e9c   Data          16  entity.o(.constdata__ZTV16ControllerEntity)
    vtable for RobotStatePacket              0x08004eac   Data          24  boardpacket.o(.constdata__ZTV16RobotStatePacket)
    vtable for ChassisController             0x08004ec4   Data          16  chassiscontroller.o(.constdata__ZTV17ChassisController)
    vtable for ChassisStateDummy             0x08004ed4   Data          24  chassisstatedummy.o(.constdata__ZTV17ChassisStateDummy)
    vtable for HostPacketManager             0x08004eec   Data          20  hostpacket.o(.constdata__ZTV17HostPacketManager)
    vtable for BoardPacketManager            0x08004f00   Data          36  boardpacket.o(.constdata__ZTV18BoardPacketManager)
    vtable for M3508SensorHandler            0x08004f24   Data          36  m3508sensorhandler.o(.constdata__ZTV18M3508SensorHandler)
    vtable for DjiCanMotorCommander          0x08004f48   Data          12  djicanmotorcommander.o(.constdata__ZTV20DjiCanMotorCommander)
    vtable for Dr16                          0x08004f54   Data          12  dr16.o(.constdata__ZTV4Dr16)
    vtable for Grasp                         0x08004f60   Data          12  grasp.o(.constdata__ZTV5Grasp)
    vtable for M3508                         0x08004f6c   Data          16  m3508.o(.constdata__ZTV5M3508)
    vtable for Entity                        0x08004f7c   Data          16  entity.o(.constdata__ZTV6Entity)
    vtable for Packet                        0x08004f8c   Data          20  packet.o(.constdata__ZTV6Packet)
    Region$$Table$$Base                      0x08004fa0   Number         0  anon$$obj.o(Region$$Table)
    Region$$Table$$Limit                     0x08004fc0   Number         0  anon$$obj.o(Region$$Table)
    SHT$$INIT_ARRAY$$Base                    0x08004fc0   Number         0  main.o(.init_array)
    SHT$$INIT_ARRAY$$Limit                   0x08004fc4   Number         0  init_aeabi.o(.init_array)
    SystemCoreClock                          0x20000010   Data           4  system_stm32f4xx.o(.data)
    AHBPrescTable                            0x20000014   Data          16  system_stm32f4xx.o(.data)
    RobotEngine::IsInstantiated              0x20000028   Data           1  robotengine.o(.data)
    RobotEngine::instance                    0x2000002c   Data           4  robotengine.o(.data)
    pDr16                                    0x20000030   Data           4  main.o(.data)
    pCanManager                              0x20000034   Data           4  main.o(.data)
    pBoardPacketManager                      0x20000038   Data           4  main.o(.data)
    pHostPacketManager                       0x2000003c   Data           4  main.o(.data)
    guard variable for CanManager::Instance()::instance 0x20000040   Data           4  canmsgdispatcher.o(.data__ZZN10CanManager8InstanceEvE8instance)
    guard variable for JudgeSystem::Instance()::instance 0x20000044   Data           4  ispimp.o(.data__ZZN11JudgeSystem8InstanceEvE8instance)
    guard variable for ChassisStateRc::Instance()::instance 0x20000048   Data           4  chassiscontroller.o(.data__ZZN14ChassisStateRc8InstanceEvE8instance)
    ChassisStateRc::Instance()::instance     0x2000004c   Data           4  chassiscontroller.o(.data__ZZN14ChassisStateRc8InstanceEvE8instance)
    guard variable for CanMsgDispatcher::Instance()::instance 0x20000050   Data           4  chassiscontroller.o(.data__ZZN16CanMsgDispatcher8InstanceEvE8instance)
    guard variable for ChassisStateDummy::Instance()::instance 0x20000054   Data           4  chassiscontroller.o(.data__ZZN17ChassisStateDummy8InstanceEvE8instance)
    ChassisStateDummy::Instance()::instance  0x20000058   Data           8  chassiscontroller.o(.data__ZZN17ChassisStateDummy8InstanceEvE8instance)
    guard variable for HostPacketManager::Instance()::instance 0x20000060   Data           4  hostpacket.o(.data__ZZN17HostPacketManager8InstanceEvE8instance)
    guard variable for BoardPacketManager::Instance()::instance 0x20000064   Data           4  chassiscontroller.o(.data__ZZN18BoardPacketManager8InstanceEvE8instance)
    guard variable for DjiCanMotorCommander::Instance()::instance 0x20000068   Data           4  m3508.o(.data__ZZN20DjiCanMotorCommander8InstanceEvE8instance)
    guard variable for Dr16::Instance()::instance 0x2000006c   Data           4  dr16.o(.data__ZZN4Dr168InstanceEvE8instance)
    guard variable for Time::Instance()::instance 0x20000070   Data           4  robotengine.o(.data__ZZN4Time8InstanceEvE8instance)
    Time::Instance()::instance               0x20000074   Data           8  robotengine.o(.data__ZZN4Time8InstanceEvE8instance)
    guard variable for Grasp::Instance()::instance 0x2000007c   Data           4  chassiscontroller.o(.data__ZZN5Grasp8InstanceEvE8instance)
    Grasp::Instance()::instance              0x20000080   Data           8  chassiscontroller.o(.data__ZZN5Grasp8InstanceEvE8instance)
    guard variable for Buzzer::Instance()::instance 0x20000088   Data           4  packet.o(.data__ZZN6Buzzer8InstanceEvE8instance)
    Buzzer::Instance()::instance             0x2000008c   Data           4  packet.o(.data__ZZN6Buzzer8InstanceEvE8instance)
    testbot                                  0x200000f0   Data        2044  main.o(.bss)
    __libspace_start                         0x200008ec   Data          96  libspace.o(.bss)
    CanManager::Instance()::instance         0x2000094c   Data        3436  canmsgdispatcher.o(.bss__ZZN10CanManager8InstanceEvE8instance)
    __temporary_stack_top$libspace           0x2000094c   Data           0  libspace.o(.bss)
    JudgeSystem::Instance()::instance        0x200016b8   Data        4836  ispimp.o(.bss__ZZN11JudgeSystem8InstanceEvE8instance)
    CanMsgDispatcher::Instance()::instance   0x2000299c   Data        3108  chassiscontroller.o(.bss__ZZN16CanMsgDispatcher8InstanceEvE8instance)
    HostPacketManager::Instance()::instance  0x200035c0   Data        5220  hostpacket.o(.bss__ZZN17HostPacketManager8InstanceEvE8instance)
    BoardPacketManager::Instance()::instance 0x20004a24   Data        9532  chassiscontroller.o(.bss__ZZN18BoardPacketManager8InstanceEvE8instance)
    DjiCanMotorCommander::Instance()::instance 0x20006f60   Data          60  m3508.o(.bss__ZZN20DjiCanMotorCommander8InstanceEvE8instance)
    Dr16::Instance()::instance               0x20006f9c   Data          52  dr16.o(.bss__ZZN4Dr168InstanceEvE8instance)



==============================================================================

Memory Map of the image

  Image Entry point : 0x080001ad

  Load Region LR_IROM1 (Base: 0x08000000, Size: 0x00005054, Max: 0x00200000, ABSOLUTE)

    Execution Region ER_IROM1 (Exec base: 0x08000000, Load base: 0x08000000, Size: 0x00004fc4, Max: 0x00200000, ABSOLUTE)

    Exec Addr    Load Addr    Size         Type   Attr      Idx    E Section Name        Object

    0x08000000   0x08000000   0x000001ac   Data   RO            3    RESET               startup_stm32f427x.o
    0x080001ac   0x080001ac   0x00000008   Code   RO         8755  * !!!main             c_w.l(__main.o)
    0x080001b4   0x080001b4   0x00000034   Code   RO         9234    !!!scatter          c_w.l(__scatter.o)
    0x080001e8   0x080001e8   0x0000001a   Code   RO         9236    !!handler_copy      c_w.l(__scatter_copy.o)
    0x08000202   0x08000202   0x00000002   PAD
    0x08000204   0x08000204   0x0000001c   Code   RO         9238    !!handler_zi        c_w.l(__scatter_zi.o)
    0x08000220   0x08000220   0x00000002   Code   RO         9103    .ARM.Collect$$libinit$$00000000  c_w.l(libinit.o)
    0x08000222   0x08000222   0x00000004   Code   RO         8912    .ARM.Collect$$libinit$$00000001  c_w.l(libinit2.o)
    0x08000226   0x08000226   0x00000000   Code   RO         8915    .ARM.Collect$$libinit$$00000004  c_w.l(libinit2.o)
    0x08000226   0x08000226   0x00000000   Code   RO         8918    .ARM.Collect$$libinit$$0000000A  c_w.l(libinit2.o)
    0x08000226   0x08000226   0x00000000   Code   RO         8920    .ARM.Collect$$libinit$$0000000C  c_w.l(libinit2.o)
    0x08000226   0x08000226   0x00000000   Code   RO         8922    .ARM.Collect$$libinit$$0000000E  c_w.l(libinit2.o)
    0x08000226   0x08000226   0x00000000   Code   RO         8925    .ARM.Collect$$libinit$$00000011  c_w.l(libinit2.o)
    0x08000226   0x08000226   0x00000000   Code   RO         8927    .ARM.Collect$$libinit$$00000013  c_w.l(libinit2.o)
    0x08000226   0x08000226   0x00000000   Code   RO         8929    .ARM.Collect$$libinit$$00000015  c_w.l(libinit2.o)
    0x08000226   0x08000226   0x00000000   Code   RO         8931    .ARM.Collect$$libinit$$00000017  c_w.l(libinit2.o)
    0x08000226   0x08000226   0x00000000   Code   RO         8933    .ARM.Collect$$libinit$$00000019  c_w.l(libinit2.o)
    0x08000226   0x08000226   0x00000000   Code   RO         8935    .ARM.Collect$$libinit$$0000001B  c_w.l(libinit2.o)
    0x08000226   0x08000226   0x00000000   Code   RO         8937    .ARM.Collect$$libinit$$0000001D  c_w.l(libinit2.o)
    0x08000226   0x08000226   0x00000000   Code   RO         8939    .ARM.Collect$$libinit$$0000001F  c_w.l(libinit2.o)
    0x08000226   0x08000226   0x00000000   Code   RO         8941    .ARM.Collect$$libinit$$00000021  c_w.l(libinit2.o)
    0x08000226   0x08000226   0x00000000   Code   RO         8943    .ARM.Collect$$libinit$$00000023  c_w.l(libinit2.o)
    0x08000226   0x08000226   0x00000000   Code   RO         8945    .ARM.Collect$$libinit$$00000025  c_w.l(libinit2.o)
    0x08000226   0x08000226   0x00000000   Code   RO         8949    .ARM.Collect$$libinit$$0000002C  c_w.l(libinit2.o)
    0x08000226   0x08000226   0x00000000   Code   RO         8951    .ARM.Collect$$libinit$$0000002E  c_w.l(libinit2.o)
    0x08000226   0x08000226   0x00000000   Code   RO         8953    .ARM.Collect$$libinit$$00000030  c_w.l(libinit2.o)
    0x08000226   0x08000226   0x00000004   Code   RO         8954    .ARM.Collect$$libinit$$00000031  c_w.l(libinit2.o)
    0x0800022a   0x0800022a   0x00000000   Code   RO         8955    .ARM.Collect$$libinit$$00000032  c_w.l(libinit2.o)
    0x0800022a   0x0800022a   0x00000002   Code   RO         8956    .ARM.Collect$$libinit$$00000033  c_w.l(libinit2.o)
    0x0800022c   0x0800022c   0x00000002   Code   RO         9211    .ARM.Collect$$libshutdown$$00000000  c_w.l(libshutdown.o)
    0x0800022e   0x0800022e   0x00000000   Code   RO         9217    .ARM.Collect$$libshutdown$$00000002  c_w.l(libshutdown2.o)
    0x0800022e   0x0800022e   0x00000000   Code   RO         9219    .ARM.Collect$$libshutdown$$00000004  c_w.l(libshutdown2.o)
    0x0800022e   0x0800022e   0x00000000   Code   RO         9222    .ARM.Collect$$libshutdown$$00000007  c_w.l(libshutdown2.o)
    0x0800022e   0x0800022e   0x00000000   Code   RO         9225    .ARM.Collect$$libshutdown$$0000000A  c_w.l(libshutdown2.o)
    0x0800022e   0x0800022e   0x00000000   Code   RO         9227    .ARM.Collect$$libshutdown$$0000000C  c_w.l(libshutdown2.o)
    0x0800022e   0x0800022e   0x00000000   Code   RO         9230    .ARM.Collect$$libshutdown$$0000000F  c_w.l(libshutdown2.o)
    0x0800022e   0x0800022e   0x00000002   Code   RO         9231    .ARM.Collect$$libshutdown$$00000010  c_w.l(libshutdown2.o)
    0x08000230   0x08000230   0x00000000   Code   RO         8907    .ARM.Collect$$rtentry$$00000000  c_w.l(__rtentry.o)
    0x08000230   0x08000230   0x00000000   Code   RO         8981    .ARM.Collect$$rtentry$$00000002  c_w.l(__rtentry2.o)
    0x08000230   0x08000230   0x00000006   Code   RO         8993    .ARM.Collect$$rtentry$$00000004  c_w.l(__rtentry4.o)
    0x08000236   0x08000236   0x00000000   Code   RO         8983    .ARM.Collect$$rtentry$$00000009  c_w.l(__rtentry2.o)
    0x08000236   0x08000236   0x00000004   Code   RO         8984    .ARM.Collect$$rtentry$$0000000A  c_w.l(__rtentry2.o)
    0x0800023a   0x0800023a   0x00000000   Code   RO         8986    .ARM.Collect$$rtentry$$0000000C  c_w.l(__rtentry2.o)
    0x0800023a   0x0800023a   0x00000008   Code   RO         8987    .ARM.Collect$$rtentry$$0000000D  c_w.l(__rtentry2.o)
    0x08000242   0x08000242   0x00000002   Code   RO         9126    .ARM.Collect$$rtexit$$00000000  c_w.l(rtexit.o)
    0x08000244   0x08000244   0x00000000   Code   RO         9176    .ARM.Collect$$rtexit$$00000002  c_w.l(rtexit2.o)
    0x08000244   0x08000244   0x00000004   Code   RO         9177    .ARM.Collect$$rtexit$$00000003  c_w.l(rtexit2.o)
    0x08000248   0x08000248   0x00000006   Code   RO         9178    .ARM.Collect$$rtexit$$00000004  c_w.l(rtexit2.o)
    0x0800024e   0x0800024e   0x00000002   PAD
    0x08000250   0x08000250   0x00000040   Code   RO            4    .text               startup_stm32f427x.o
    0x08000290   0x08000290   0x0000008a   Code   RO         8749    .text               c_w.l(rt_memcpy_v6.o)
    0x0800031a   0x0800031a   0x00000064   Code   RO         8751    .text               c_w.l(rt_memcpy_w.o)
    0x0800037e   0x0800037e   0x00000006   Code   RO         8753    .text               c_w.l(heapauxi.o)
    0x08000384   0x08000384   0x00000024   Code   RO         8760    .text               c_w.l(init_aeabi.o)
    0x080003a8   0x080003a8   0x0000000e   Code   RO         8908    .text               c_w.l(defsig_pvfn_outer.o)
    0x080003b6   0x080003b6   0x0000000a   Code   RO         8997    .text               c_w.l(defsig_exit.o)
    0x080003c0   0x080003c0   0x00000030   Code   RO         8999    .text               c_w.l(defsig_pvfn_inner.o)
    0x080003f0   0x080003f0   0x0000000c   Code   RO         9021    .text               c_w.l(sys_exit.o)
    0x080003fc   0x080003fc   0x0000004a   Code   RO         9023    .text               c_w.l(sys_stackheap_outer.o)
    0x08000446   0x08000446   0x00000012   Code   RO         9086    .text               c_w.l(exit.o)
    0x08000458   0x08000458   0x00000032   Code   RO         9092    .text               c_w.l(defsig_general.o)
    0x0800048a   0x0800048a   0x0000000e   Code   RO         9114    .text               c_w.l(sys_wrch.o)
    0x08000498   0x08000498   0x00000008   Code   RO         9118    .text               c_w.l(libspace.o)
    0x080004a0   0x080004a0   0x00000002   Code   RO         9121    .text               c_w.l(use_no_semi.o)
    0x080004a2   0x080004a2   0x00000000   Code   RO         9125    .text               c_w.l(indicate_semi.o)
    0x080004a2   0x080004a2   0x00000002   Code   RO         4988    i.BusFault_Handler  stm32f4xx_it.o
    0x080004a4   0x080004a4   0x00000034   Code   RO         8649    i.CAN1_RX0_IRQHandler  ispimp.o
    0x080004d8   0x080004d8   0x00000038   Code   RO         8650    i.CAN2_RX0_IRQHandler  ispimp.o
    0x08000510   0x08000510   0x00000078   Code   RO          417    i.CAN_ClearITPendingBit  stm32f4xx_can.o
    0x08000588   0x08000588   0x000000cc   Code   RO          421    i.CAN_FilterInit    stm32f4xx_can.o
    0x08000654   0x08000654   0x000000a8   Code   RO          423    i.CAN_GetITStatus   stm32f4xx_can.o
    0x080006fc   0x080006fc   0x00000010   Code   RO          427    i.CAN_ITConfig      stm32f4xx_can.o
    0x0800070c   0x0800070c   0x000000e8   Code   RO          428    i.CAN_Init          stm32f4xx_can.o
    0x080007f4   0x080007f4   0x0000008e   Code   RO          431    i.CAN_Receive       stm32f4xx_can.o
    0x08000882   0x08000882   0x000000a4   Code   RO          436    i.CAN_Transmit      stm32f4xx_can.o
    0x08000926   0x08000926   0x0000000c   Code   RO          439    i.CheckITStatus     stm32f4xx_can.o
    0x08000932   0x08000932   0x00000002   PAD
    0x08000934   0x08000934   0x00000010   Code   RO         5387    i.DMA1_Stream0_IRQHandler  bsp_host_com.o
    0x08000944   0x08000944   0x00000010   Code   RO         5342    i.DMA1_Stream1_IRQHandler  bsp_judge.o
    0x08000954   0x08000954   0x00000010   Code   RO         5432    i.DMA2_Stream6_IRQHandler  bsp_imu.o
    0x08000964   0x08000964   0x0000002c   Code   RO         1194    i.DMA_ClearFlag     stm32f4xx_dma.o
    0x08000990   0x08000990   0x00000014   Code   RO         1196    i.DMA_Cmd           stm32f4xx_dma.o
    0x080009a4   0x080009a4   0x00000124   Code   RO         1197    i.DMA_DeInit        stm32f4xx_dma.o
    0x08000ac8   0x08000ac8   0x00000014   Code   RO         1198    i.DMA_DoubleBufferModeCmd  stm32f4xx_dma.o
    0x08000adc   0x08000adc   0x00000016   Code   RO         1199    i.DMA_DoubleBufferModeConfig  stm32f4xx_dma.o
    0x08000af2   0x08000af2   0x00000006   Code   RO         1202    i.DMA_GetCurrDataCounter  stm32f4xx_dma.o
    0x08000af8   0x08000af8   0x0000000e   Code   RO         1203    i.DMA_GetCurrentMemoryTarget  stm32f4xx_dma.o
    0x08000b06   0x08000b06   0x00000002   PAD
    0x08000b08   0x08000b08   0x00000034   Code   RO         1205    i.DMA_GetFlagStatus  stm32f4xx_dma.o
    0x08000b3c   0x08000b3c   0x0000002c   Code   RO         1207    i.DMA_ITConfig      stm32f4xx_dma.o
    0x08000b68   0x08000b68   0x00000054   Code   RO         1208    i.DMA_Init          stm32f4xx_dma.o
    0x08000bbc   0x08000bbc   0x00000004   Code   RO         1211    i.DMA_SetCurrDataCounter  stm32f4xx_dma.o
    0x08000bc0   0x08000bc0   0x00000002   Code   RO         4989    i.DebugMon_Handler  stm32f4xx_it.o
    0x08000bc2   0x08000bc2   0x00000078   Code   RO         1858    i.GPIO_Init         stm32f4xx_gpio.o
    0x08000c3a   0x08000c3a   0x00000020   Code   RO         1859    i.GPIO_PinAFConfig  stm32f4xx_gpio.o
    0x08000c5a   0x08000c5a   0x00000004   Code   RO         1865    i.GPIO_ResetBits    stm32f4xx_gpio.o
    0x08000c5e   0x08000c5e   0x00000004   Code   RO         1866    i.GPIO_SetBits      stm32f4xx_gpio.o
    0x08000c62   0x08000c62   0x00000002   Code   RO         4990    i.HardFault_Handler  stm32f4xx_it.o
    0x08000c64   0x08000c64   0x00000002   Code   RO         4991    i.MemManage_Handler  stm32f4xx_it.o
    0x08000c66   0x08000c66   0x00000002   Code   RO         4992    i.NMI_Handler       stm32f4xx_it.o
    0x08000c68   0x08000c68   0x00000064   Code   RO           13    i.NVIC_Init         misc.o
    0x08000ccc   0x08000ccc   0x00000014   Code   RO           14    i.NVIC_PriorityGroupConfig  misc.o
    0x08000ce0   0x08000ce0   0x00000002   Code   RO         4993    i.PendSV_Handler    stm32f4xx_it.o
    0x08000ce2   0x08000ce2   0x00000002   PAD
    0x08000ce4   0x08000ce4   0x00000018   Code   RO         2796    i.RCC_AHB1PeriphClockCmd  stm32f4xx_rcc.o
    0x08000cfc   0x08000cfc   0x00000018   Code   RO         2805    i.RCC_APB1PeriphClockCmd  stm32f4xx_rcc.o
    0x08000d14   0x08000d14   0x00000018   Code   RO         2807    i.RCC_APB1PeriphResetCmd  stm32f4xx_rcc.o
    0x08000d2c   0x08000d2c   0x00000018   Code   RO         2808    i.RCC_APB2PeriphClockCmd  stm32f4xx_rcc.o
    0x08000d44   0x08000d44   0x00000018   Code   RO         2810    i.RCC_APB2PeriphResetCmd  stm32f4xx_rcc.o
    0x08000d5c   0x08000d5c   0x00000094   Code   RO         2817    i.RCC_GetClocksFreq  stm32f4xx_rcc.o
    0x08000df0   0x08000df0   0x000000c0   Code   RO         5208    i.SBUS_TO_RC        bsp_rc.o
    0x08000eb0   0x08000eb0   0x00000002   Code   RO         4994    i.SVC_Handler       stm32f4xx_it.o
    0x08000eb2   0x08000eb2   0x00000002   PAD
    0x08000eb4   0x08000eb4   0x000000d0   Code   RO         5083    i.SetSysClock       system_stm32f4xx.o
    0x08000f84   0x08000f84   0x00000018   Code   RO           17    i.SysTick_CLKSourceConfig  misc.o
    0x08000f9c   0x08000f9c   0x000000e0   Code   RO         8463    i.SysTick_Handler   main.o
    0x0800107c   0x0800107c   0x0000005c   Code   RO         5085    i.SystemInit        system_stm32f4xx.o
    0x080010d8   0x080010d8   0x00000014   Code   RO         4193    i.TIM_Cmd           stm32f4xx_tim.o
    0x080010ec   0x080010ec   0x00000060   Code   RO         4222    i.TIM_OC1Init       stm32f4xx_tim.o
    0x0800114c   0x0800114c   0x00000060   Code   RO         4237    i.TIM_OC4Init       stm32f4xx_tim.o
    0x080011ac   0x080011ac   0x0000007c   Code   RO         4265    i.TIM_TimeBaseInit  stm32f4xx_tim.o
    0x08001228   0x08001228   0x00000048   Code   RO         8651    i.UART7_IRQHandler  ispimp.o
    0x08001270   0x08001270   0x00000064   Code   RO         8652    i.UART8_IRQHandler  ispimp.o
    0x080012d4   0x080012d4   0x000000dc   Code   RO         5209    i.USART1_IRQHandler  bsp_rc.o
    0x080013b0   0x080013b0   0x00000034   Code   RO         8653    i.USART6_IRQHandler  ispimp.o
    0x080013e4   0x080013e4   0x00000006   Code   RO         4730    i.USART_ClearFlag   stm32f4xx_usart.o
    0x080013ea   0x080013ea   0x00000014   Code   RO         4734    i.USART_Cmd         stm32f4xx_usart.o
    0x080013fe   0x080013fe   0x00000010   Code   RO         4735    i.USART_DMACmd      stm32f4xx_usart.o
    0x0800140e   0x0800140e   0x00000002   PAD
    0x08001410   0x08001410   0x000000ac   Code   RO         4736    i.USART_DeInit      stm32f4xx_usart.o
    0x080014bc   0x080014bc   0x0000000e   Code   RO         4737    i.USART_GetFlagStatus  stm32f4xx_usart.o
    0x080014ca   0x080014ca   0x0000003e   Code   RO         4738    i.USART_GetITStatus  stm32f4xx_usart.o
    0x08001508   0x08001508   0x00000030   Code   RO         4740    i.USART_ITConfig    stm32f4xx_usart.o
    0x08001538   0x08001538   0x000000ac   Code   RO         4741    i.USART_Init        stm32f4xx_usart.o
    0x080015e4   0x080015e4   0x00000008   Code   RO         4748    i.USART_ReceiveData  stm32f4xx_usart.o
    0x080015ec   0x080015ec   0x00000002   Code   RO         4995    i.UsageFault_Handler  stm32f4xx_it.o
    0x080015ee   0x080015ee   0x00000044   Code   RO         7395    i._ZN10CanManager11CanTransmitEP11CAN_TypeDefjPhj  canmanager.o
    0x08001632   0x08001632   0x000000a6   Code   RO         7396    i._ZN10CanManager13SendOnePacketEv  canmanager.o
    0x080016d8   0x080016d8   0x00000030   Code   RO         7397    i._ZN10CanManager14SendQueueEmptyEv  canmanager.o
    0x08001708   0x08001708   0x0000001e   Code   RO         7398    i._ZN10CanManager4InitEv  canmanager.o
    0x08001726   0x08001726   0x00000024   Code   RO         7399    i._ZN10CanManager6UpdateEv  canmanager.o
    0x0800174a   0x0800174a   0x00000002   PAD
    0x0800174c   0x0800174c   0x00000038   Code   RO         8499    i._ZN10CanManager8InstanceEv  main.o
    0x08001784   0x08001784   0x0000003a   Code   RO         6912    i._ZN10ChassisFsm11HandleInputEv  chassiscontroller.o
    0x080017be   0x080017be   0x00000024   Code   RO         6913    i._ZN10ChassisFsm4InitEv  chassiscontroller.o
    0x080017e2   0x080017e2   0x00000018   Code   RO         7928    i._ZN10HostPacket12RegistrationEv  hostpacket.o
    0x080017fa   0x080017fa   0x00000010   Code   RO         7988    i._ZN10HostPacket4InitEh  hostpacket.o
    0x0800180a   0x0800180a   0x0000002c   Code   RO         8082    i._ZN11BoardPacket12RegistrationEv  boardpacket.o
    0x08001836   0x08001836   0x00000014   Code   RO         8197    i._ZN11BoardPacket4InitE24BoardPacketChannelIdTypeh  boardpacket.o
    0x0800184a   0x0800184a   0x00000002   PAD
    0x0800184c   0x0800184c   0x00000010   Code   RO         8240    i._ZN11BoardPacketC2Ev  boardpacket.o
    0x0800185c   0x0800185c   0x00000026   Code   RO         8696    i._ZN11CanMsgQueue7EnqueueEP8CanRxMsg  ispimp.o
    0x08001882   0x08001882   0x0000000c   Code   RO         7470    i._ZN11CanMsgQueueC1Ev  canmsgdispatcher.o
    0x0800188e   0x0800188e   0x00000002   PAD
    0x08001890   0x08001890   0x00000090   Code   RO         8702    i._ZN11JudgeSystem8InstanceEv  ispimp.o
    0x08001920   0x08001920   0x00000040   Code   RO         6059    i._ZN11RobotEngine4InitEv  robotengine.o
    0x08001960   0x08001960   0x00000088   Code   RO         6060    i._ZN11RobotEngine4TickEv  robotengine.o
    0x080019e8   0x080019e8   0x00000030   Code   RO         6992    i._ZN11RobotEngine7GetTickEv  chassiscontroller.o
    0x08001a18   0x08001a18   0x00000030   Code   RO         6061    i._ZN11RobotEngine9AddEntityEP6Entity10EntityType  robotengine.o
    0x08001a48   0x08001a48   0x00000040   Code   RO         6064    i._ZN11RobotEngineC1EPS_j  robotengine.o
    0x08001a88   0x08001a88   0x0000002c   Code   RO         8402    i._ZN12GimbalRefMsg16UncompressUint16Et  gimbalrefmsg.o
    0x08001ab4   0x08001ab4   0x00000054   Code   RO         8403    i._ZN12GimbalRefMsg17HandleNewCanRxMsgEP8CanRxMsg  gimbalrefmsg.o
    0x08001b08   0x08001b08   0x0000005c   Code   RO         8404    i._ZN12GimbalRefMsg4InitEP11CAN_TypeDefj  gimbalrefmsg.o
    0x08001b64   0x08001b64   0x00000004   Code   RO         6244    i._ZN12SensorEntity10HasNewDataEv  entity.o
    0x08001b68   0x08001b68   0x00000002   Code   RO         6238    i._ZN12SensorEntity4InitEv  entity.o
    0x08001b6a   0x08001b6a   0x0000001e   Code   RO         6150    i._ZN12SensorEntity9IsTimeoutEv  entity.o
    0x08001b88   0x08001b88   0x00000028   Code   RO         6151    i._ZN12SensorEntityC1E15EntityClassType  entity.o
    0x08001bb0   0x08001bb0   0x0000003c   Code   RO         6421    i._ZN13CanMsgHandler17HandleNewCanRxMsgEP8CanRxMsg  m3508sensorhandler.o
    0x08001bec   0x08001bec   0x00000014   Code   RO         8234    i._ZN13CanMsgHandlerC1Ev  boardpacket.o
    0x08001c00   0x08001c00   0x00000054   Code   RO         7750    i._ZN13PacketManager15FlushSendBufferEv  packet.o
    0x08001c54   0x08001c54   0x0000002c   Code   RO         7751    i._ZN13PacketManager25PacketHandlerRegistrationEjjP6Packet  packet.o
    0x08001c80   0x08001c80   0x00000008   Code   RO         7752    i._ZN13PacketManager4InitEv  packet.o
    0x08001c88   0x08001c88   0x00000022   Code   RO         7753    i._ZN13PacketManager6UpdateEv  packet.o
    0x08001caa   0x08001caa   0x00000024   Code   RO         7754    i._ZN13PacketManager7EnqueueEjPhj  packet.o
    0x08001cce   0x08001cce   0x00000002   PAD
    0x08001cd0   0x08001cd0   0x00000010   Code   RO         7755    i._ZN13PacketManagerC2Ej  packet.o
    0x08001ce0   0x08001ce0   0x000000b4   Code   RO         7756    i._ZN13StreamChannel12HandlePacketEv  packet.o
    0x08001d94   0x08001d94   0x0000004c   Code   RO         7757    i._ZN13StreamChannel25PacketHandlerRegistrationEjP6Packet  packet.o
    0x08001de0   0x08001de0   0x000000c4   Code   RO         7758    i._ZN13StreamChannel6UpdateEv  packet.o
    0x08001ea4   0x08001ea4   0x00000028   Code   RO         7759    i._ZN13StreamChannel7EnqueueEPhj  packet.o
    0x08001ecc   0x08001ecc   0x00000078   Code   RO         7760    i._ZN13StreamChannelC1Ev  packet.o
    0x08001f44   0x08001f44   0x00000002   Code   RO         6256    i._ZN14ActuatorEntity4InitEv  entity.o
    0x08001f46   0x08001f46   0x00000002   PAD
    0x08001f48   0x08001f48   0x0000001c   Code   RO         6152    i._ZN14ActuatorEntityC1E15EntityClassType  entity.o
    0x08001f64   0x08001f64   0x00000030   Code   RO         8321    i._ZN14ChassisCtrlMsg13CompressFloatEf  chassisctrlmsg.o
    0x08001f94   0x08001f94   0x0000002c   Code   RO         8322    i._ZN14ChassisCtrlMsg16UncompressUint16Et  chassisctrlmsg.o
    0x08001fc0   0x08001fc0   0x00000070   Code   RO         8323    i._ZN14ChassisCtrlMsg17HandleNewCanRxMsgEP8CanRxMsg  chassisctrlmsg.o
    0x08002030   0x08002030   0x00000060   Code   RO         8324    i._ZN14ChassisCtrlMsg4InitEP11CAN_TypeDefj  chassisctrlmsg.o
    0x08002090   0x08002090   0x00000074   Code   RO         8325    i._ZN14ChassisCtrlMsg7SendMsgEv  chassisctrlmsg.o
    0x08002104   0x08002104   0x00000002   Code   RO         7307    i._ZN14ChassisStateRc4ExitEP17ChassisController  chassisstaterc.o
    0x08002106   0x08002106   0x00000002   Code   RO         7308    i._ZN14ChassisStateRc4InitEP17ChassisController  chassisstaterc.o
    0x08002108   0x08002108   0x00000002   Code   RO         7309    i._ZN14ChassisStateRc5EnterEP17ChassisController  chassisstaterc.o
    0x0800210a   0x0800210a   0x00000002   PAD
    0x0800210c   0x0800210c   0x00000074   Code   RO         7310    i._ZN14ChassisStateRc7ExecuteEP17ChassisController  chassisstaterc.o
    0x08002180   0x08002180   0x00000030   Code   RO         7023    i._ZN14ChassisStateRc8InstanceEv  chassiscontroller.o
    0x080021b0   0x080021b0   0x00000030   Code   RO         7930    i._ZN14TestHostPacket16OnPacketReceivedEv  hostpacket.o
    0x080021e0   0x080021e0   0x00000010   Code   RO         8001    i._ZN14TestHostPacket4InitEh  hostpacket.o
    0x080021f0   0x080021f0   0x0000004a   Code   RO         8084    i._ZN15TestBoardPacket16OnPacketReceivedEv  boardpacket.o
    0x0800223a   0x0800223a   0x00000010   Code   RO         8204    i._ZN15TestBoardPacket4InitE24BoardPacketChannelIdTypeh  boardpacket.o
    0x0800224a   0x0800224a   0x00000002   PAD
    0x0800224c   0x0800224c   0x00000068   Code   RO         7443    i._ZN16CanMsgDispatcher15RegisterHandlerEP11CAN_TypeDefiP13CanMsgHandler  canmsgdispatcher.o
    0x080022b4   0x080022b4   0x000000e4   Code   RO         7444    i._ZN16CanMsgDispatcher6UpdateEv  canmsgdispatcher.o
    0x08002398   0x08002398   0x00000040   Code   RO         8216    i._ZN16CanMsgDispatcher8InstanceEv  boardpacket.o
    0x080023d8   0x080023d8   0x00000002   Code   RO         6250    i._ZN16ControllerEntity4InitEv  entity.o
    0x080023da   0x080023da   0x00000002   PAD
    0x080023dc   0x080023dc   0x0000001c   Code   RO         6153    i._ZN16ControllerEntityC1E15EntityClassType  entity.o
    0x080023f8   0x080023f8   0x0000005c   Code   RO         7004    i._ZN16FirstOrderFilter6UpdateEv  chassiscontroller.o
    0x08002454   0x08002454   0x00000040   Code   RO         8086    i._ZN16RobotStatePacket16OnPacketReceivedEv  boardpacket.o
    0x08002494   0x08002494   0x0000001a   Code   RO         8210    i._ZN16RobotStatePacket4InitE24BoardPacketChannelIdTypeh  boardpacket.o
    0x080024ae   0x080024ae   0x0000001a   Code   RO         7618    i._ZN17ArrayStreamHelper10ReadUint16ERPhb  judgesystem.o
    0x080024c8   0x080024c8   0x0000004c   Code   RO         6914    i._ZN17ChassisController12FilterUpdateEv  chassiscontroller.o
    0x08002514   0x08002514   0x000000d4   Code   RO         6915    i._ZN17ChassisController14MaxDeltaVLimitEv  chassiscontroller.o
    0x080025e8   0x080025e8   0x00000074   Code   RO         6916    i._ZN17ChassisController19ChassisSpd2MotorSpdEv  chassiscontroller.o
    0x0800265c   0x0800265c   0x00000074   Code   RO         6917    i._ZN17ChassisController22MotorSpd2ChassisSpdFdbEv  chassiscontroller.o
    0x080026d0   0x080026d0   0x0000012c   Code   RO         6918    i._ZN17ChassisController4InitEv  chassiscontroller.o
    0x080027fc   0x080027fc   0x000000d4   Code   RO         6919    i._ZN17ChassisController6UpdateEv  chassiscontroller.o
    0x080028d0   0x080028d0   0x00000058   Code   RO         6920    i._ZN17ChassisControllerC1Ev  chassiscontroller.o
    0x08002928   0x08002928   0x00000002   Code   RO         7195    i._ZN17ChassisStateDummy4ExitEP17ChassisController  chassisstatedummy.o
    0x0800292a   0x0800292a   0x00000002   PAD
    0x0800292c   0x0800292c   0x00000030   Code   RO         7196    i._ZN17ChassisStateDummy4InitEP17ChassisController  chassisstatedummy.o
    0x0800295c   0x0800295c   0x00000002   Code   RO         7197    i._ZN17ChassisStateDummy5EnterEP17ChassisController  chassisstatedummy.o
    0x0800295e   0x0800295e   0x00000002   PAD
    0x08002960   0x08002960   0x0000005c   Code   RO         7198    i._ZN17ChassisStateDummy7ExecuteEP17ChassisController  chassisstatedummy.o
    0x080029bc   0x080029bc   0x00000030   Code   RO         7017    i._ZN17ChassisStateDummy8InstanceEv  chassiscontroller.o
    0x080029ec   0x080029ec   0x00000020   Code   RO         7931    i._ZN17HostPacketManager18FlushSendBufferLowEv  hostpacket.o
    0x08002a0c   0x08002a0c   0x0000001e   Code   RO         7932    i._ZN17HostPacketManager4InitEv  hostpacket.o
    0x08002a2a   0x08002a2a   0x00000002   PAD
    0x08002a2c   0x08002a2c   0x0000002c   Code   RO         7995    i._ZN17HostPacketManager8InstanceEv  hostpacket.o
    0x08002a58   0x08002a58   0x00000040   Code   RO         7933    i._ZN17HostPacketManagerC1Ev  hostpacket.o
    0x08002a98   0x08002a98   0x00000006   Code   RO         5862    i._ZN17InputMemoryStream11SerializeU8ERh  memorystream.o
    0x08002a9e   0x08002a9e   0x00000014   Code   RO         5865    i._ZN17InputMemoryStream12SerializeU16ERt  memorystream.o
    0x08002ab2   0x08002ab2   0x00000012   Code   RO         5866    i._ZN17InputMemoryStream12SerializeU32ERj  memorystream.o
    0x08002ac4   0x08002ac4   0x0000000c   Code   RO         5868    i._ZN17InputMemoryStream14SerializeBytesEPhh  memorystream.o
    0x08002ad0   0x08002ad0   0x00000030   Code   RO         5871    i._ZN17InputMemoryStream8ReadBitsERPhj  memorystream.o
    0x08002b00   0x08002b00   0x0000003a   Code   RO         5872    i._ZN17InputMemoryStream8ReadBitsERhj  memorystream.o
    0x08002b3a   0x08002b3a   0x00000008   Code   RO         5873    i._ZN17InputMemoryStreamC1EPh  memorystream.o
    0x08002b42   0x08002b42   0x0000001c   Code   RO         8087    i._ZN18BoardPacketManager17HandleNewCanRxMsgEP8CanRxMsg  boardpacket.o
    0x08002b5e   0x08002b5e   0x00000002   PAD
    0x08002b60   0x08002b60   0x00000054   Code   RO         8088    i._ZN18BoardPacketManager18FlushSendBufferLowEv  boardpacket.o
    0x08002bb4   0x08002bb4   0x0000007c   Code   RO         8089    i._ZN18BoardPacketManager4InitEv  boardpacket.o
    0x08002c30   0x08002c30   0x00000004   Code   RO         8090    i._ZN18BoardPacketManager6UpdateEv  boardpacket.o
    0x08002c34   0x08002c34   0x0000002c   Code   RO         6998    i._ZN18BoardPacketManager8InstanceEv  chassiscontroller.o
    0x08002c60   0x08002c60   0x00000098   Code   RO         8091    i._ZN18BoardPacketManagerC1Ev  boardpacket.o
    0x08002cf8   0x08002cf8   0x0000000c   Code   RO         6436    i._ZN18M3508SensorHandler10HasNewDataEv  m3508sensorhandler.o
    0x08002d04   0x08002d04   0x00000012   Code   RO         6427    i._ZN18M3508SensorHandler17HandleNewCanRxMsgEP8CanRxMsg  m3508sensorhandler.o
    0x08002d16   0x08002d16   0x00000006   Code   RO         6385    i._ZN18M3508SensorHandler4InitEv  m3508sensorhandler.o
    0x08002d1c   0x08002d1c   0x000000dc   Code   RO         6386    i._ZN18M3508SensorHandler6UpdateEv  m3508sensorhandler.o
    0x08002df8   0x08002df8   0x00000064   Code   RO         6387    i._ZN18M3508SensorHandlerC1Ev  m3508sensorhandler.o
    0x08002e5c   0x08002e5c   0x00000008   Code   RO         5886    i._ZN18OutputMemoryStreamC1EPh  memorystream.o
    0x08002e64   0x08002e64   0x00000044   Code   RO         6577    i._ZN20DjiCanMotorCommander10Add2BufferEP11CAN_TypeDefis  djicanmotorcommander.o
    0x08002ea8   0x08002ea8   0x000000c4   Code   RO         6578    i._ZN20DjiCanMotorCommander6UpdateEv  djicanmotorcommander.o
    0x08002f6c   0x08002f6c   0x0000001c   Code   RO         5812    i._ZN3Crc18Get_CRC8_Check_SumEPhjh  crc.o
    0x08002f88   0x08002f88   0x00000026   Code   RO         5813    i._ZN3Crc18VerifyCrc8CheckSumEPhj  crc.o
    0x08002fae   0x08002fae   0x00000002   PAD
    0x08002fb0   0x08002fb0   0x0000002c   Code   RO         5814    i._ZN3Crc19Get_CRC16_Check_SumEPhjt  crc.o
    0x08002fdc   0x08002fdc   0x00000034   Code   RO         5815    i._ZN3Crc19VerifyCrc16CheckSumEPhj  crc.o
    0x08003010   0x08003010   0x000000f6   Code   RO         5618    i._ZN3Pid12UpdateResultEv  pid.o
    0x08003106   0x08003106   0x00000002   PAD
    0x08003108   0x08003108   0x0000003c   Code   RO         5622    i._ZN3PidC1Ev       pid.o
    0x08003144   0x08003144   0x00000060   Code   RO         6275    i._ZN4Dr1612QuerySwStateENS_8RcSwTypeENS_14RcSwStatusTypeE  dr16.o
    0x080031a4   0x080031a4   0x0000003c   Code   RO         6276    i._ZN4Dr1613NormalizeAxisEs  dr16.o
    0x080031e0   0x080031e0   0x00000040   Code   RO         6278    i._ZN4Dr1615UpdateKbdEventsEv  dr16.o
    0x08003220   0x08003220   0x00000046   Code   RO         6279    i._ZN4Dr1620UpdateNormalizedAxisEv  dr16.o
    0x08003266   0x08003266   0x00000002   PAD
    0x08003268   0x08003268   0x0000003c   Code   RO         6280    i._ZN4Dr164InitEv   dr16.o
    0x080032a4   0x080032a4   0x00000024   Code   RO         6282    i._ZN4Dr166UpdateEv  dr16.o
    0x080032c8   0x080032c8   0x0000002c   Code   RO         7029    i._ZN4Dr168InstanceEv  chassiscontroller.o
    0x080032f4   0x080032f4   0x00000050   Code   RO         6287    i._ZN4Dr16C1Ev      dr16.o
    0x08003344   0x08003344   0x0000001e   Code   RO         5660    i._ZN4Math8LimitMaxEff  pid.o
    0x08003362   0x08003362   0x00000002   PAD
    0x08003364   0x08003364   0x00000030   Code   RO         6218    i._ZN4Time7GetTickEv  entity.o
    0x08003394   0x08003394   0x00000030   Code   RO         8505    i._ZN4Time8InstanceEv  main.o
    0x080033c4   0x080033c4   0x0000000e   Code   RO         6833    i._ZN5Grasp4InitEv  grasp.o
    0x080033d2   0x080033d2   0x0000001c   Code   RO         6835    i._ZN5Grasp6UpdateEv  grasp.o
    0x080033ee   0x080033ee   0x00000014   Code   RO         6837    i._ZN5Grasp7stretchEv  grasp.o
    0x08003402   0x08003402   0x00000002   PAD
    0x08003404   0x08003404   0x0000002c   Code   RO         7041    i._ZN5Grasp8InstanceEv  chassiscontroller.o
    0x08003430   0x08003430   0x00000014   Code   RO         6838    i._ZN5Grasp8contractEv  grasp.o
    0x08003444   0x08003444   0x00000010   Code   RO         6840    i._ZN5GraspC1Ev     grasp.o
    0x08003454   0x08003454   0x000000c4   Code   RO         6499    i._ZN5M35086UpdateEv  m3508.o
    0x08003518   0x08003518   0x00000054   Code   RO         6500    i._ZN5M3508C1Ev     m3508.o
    0x0800356c   0x0800356c   0x0000000a   Code   RO         6154    i._ZN6Entity15ClearUpdateFlagEv  entity.o
    0x08003576   0x08003576   0x00000002   Code   RO         6155    i._ZN6Entity4InitEv  entity.o
    0x08003578   0x08003578   0x0000002a   Code   RO         6156    i._ZN6Entity6UpdateEv  entity.o
    0x080035a2   0x080035a2   0x00000002   PAD
    0x080035a4   0x080035a4   0x00000030   Code   RO         6158    i._ZN6EntityC1E10EntityType15EntityClassTypeP11RobotEngine  entity.o
    0x080035d4   0x080035d4   0x00000008   Code   RO         7761    i._ZN6Packet10MoveBufferEPKhh  packet.o
    0x080035dc   0x080035dc   0x00000058   Code   RO         7763    i._ZN6PacketC2Ev    packet.o
    0x08003634   0x08003634   0x00000008   Code   RO         8094    i._ZThn1040_N18BoardPacketManager17HandleNewCanRxMsgEP8CanRxMsg  boardpacket.o
    0x0800363c   0x0800363c   0x00000006   Code   RO         6433    i._ZThn36_N18M3508SensorHandler17HandleNewCanRxMsgEP8CanRxMsg  m3508sensorhandler.o
    0x08003642   0x08003642   0x00000024   Code   RO         8878    i.__aeabi_vec_ctor_nocookie_nodtor  cpprt_w.l(aeabi_vec_ctor_nocookie_nodtor.o)
    0x08003666   0x08003666   0x00000010   Code   RO         8766    i.__cxa_guard_acquire  cpprt_w.l(cxa_guard_acquire.o)
    0x08003676   0x08003676   0x00000006   Code   RO         8763    i.__cxa_pure_virtual  cpprt_w.l(pure_virt.o)
    0x0800367c   0x0800367c   0x00000038   Code   RO         8464    i.__sti___8_main_cpp_testbot  main.o
    0x080036b4   0x080036b4   0x00000098   Code   RO         5291    i.bsp_buzzer_init   bsp_buzzer.o
    0x0800374c   0x0800374c   0x0000000c   Code   RO         5292    i.bsp_buzzer_off    bsp_buzzer.o
    0x08003758   0x08003758   0x0000000c   Code   RO         5293    i.bsp_buzzer_on     bsp_buzzer.o
    0x08003764   0x08003764   0x000000ec   Code   RO         5124    i.bsp_can1_init     bsp_can.o
    0x08003850   0x08003850   0x000000f4   Code   RO         5125    i.bsp_can2_init     bsp_can.o
    0x08003944   0x08003944   0x0000000c   Code   RO         5579    i.bsp_gpio_high     bsp_gpio.o
    0x08003950   0x08003950   0x00000034   Code   RO         5580    i.bsp_gpio_init     bsp_gpio.o
    0x08003984   0x08003984   0x0000000c   Code   RO         5581    i.bsp_gpio_low      bsp_gpio.o
    0x08003990   0x08003990   0x0000013c   Code   RO         5388    i.bsp_host_com_init  bsp_host_com.o
    0x08003acc   0x08003acc   0x00000054   Code   RO         5389    i.bsp_host_com_send  bsp_host_com.o
    0x08003b20   0x08003b20   0x0000001c   Code   RO         5390    i.bsp_host_com_send_busy  bsp_host_com.o
    0x08003b3c   0x08003b3c   0x00000068   Code   RO         5163    i.bsp_led_init      bsp_led.o
    0x08003ba4   0x08003ba4   0x00000058   Code   RO         5164    i.bsp_led_off       bsp_led.o
    0x08003bfc   0x08003bfc   0x00000058   Code   RO         5165    i.bsp_led_on        bsp_led.o
    0x08003c54   0x08003c54   0x00000094   Code   RO         5516    i.bsp_pwm_init      bsp_pwm.o
    0x08003ce8   0x08003ce8   0x0000000c   Code   RO         5517    i.bsp_pwm_off       bsp_pwm.o
    0x08003cf4   0x08003cf4   0x0000000c   Code   RO         5518    i.bsp_pwm_on        bsp_pwm.o
    0x08003d00   0x08003d00   0x0000000c   Code   RO         5519    i.bsp_pwm_set_dutyratio  bsp_pwm.o
    0x08003d0c   0x08003d0c   0x0000000c   Code   RO         5211    i.bsp_rc_enable     bsp_rc.o
    0x08003d18   0x08003d18   0x0000013c   Code   RO         5212    i.bsp_rc_init       bsp_rc.o
    0x08003e54   0x08003e54   0x00000010   Code   RO         5214    i.bsp_read_rc_update_flag  bsp_rc.o
    0x08003e64   0x08003e64   0x00000010   Code   RO         5215    i.bsp_remote_control_init  bsp_rc.o
    0x08003e74   0x08003e74   0x00000008   Code   RO         5217    i.get_remote_control_raw  bsp_rc.o
    0x08003e7c   0x08003e7c   0x000000b0   Code   RO         8465    i.main              main.o
    0x08003f2c   0x08003f2c   0x0000002c   Code   RO         7010    t._ZN12StateMachineI17ChassisControllerE11ChangeStateEP5StateIS0_E  chassiscontroller.o
    0x08003f58   0x08003f58   0x00000068   Code   RO         8007    t._ZN14TestHostPacket15SerializePacketI17InputMemoryStreamEEvRT_  hostpacket.o
    0x08003fc0   0x08003fc0   0x00000002   Code   RO         8222    t._ZN6Packet14SerializeCrc16I17InputMemoryStreamEEvRT_  boardpacket.o
    0x08003fc2   0x08003fc2   0x00000056   Code   RO         8185    t._ZN6Packet15SerializeHeaderI17InputMemoryStreamEEvRT_  boardpacket.o
    0x08004018   0x08004018   0x0000001a   Code   RO         7035    t._ZN9HashTableIP13CanMsgHandlerEC1Ev  chassiscontroller.o
    0x08004032   0x08004032   0x0000000a   Code   RO         9019    x$fpl$fpinit        fz_wm.l(fpinit.o)
    0x0800403c   0x0800403c   0x00000300   Data   RO         5820    .constdata          crc.o
    0x0800433c   0x0800433c   0x00000184   Data   RO         6071    .constdata          robotengine.o
    0x080044c0   0x080044c0   0x00000908   Data   RO         7779    .constdata          packet.o
    0x08004dc8   0x08004dc8   0x0000000c   Data   RO         6989    .constdata__ZTV10ChassisFsm  chassiscontroller.o
    0x08004dd4   0x08004dd4   0x00000018   Data   RO         8176    .constdata__ZTV11BoardPacket  boardpacket.o
    0x08004dec   0x08004dec   0x0000000c   Data   RO         8444    .constdata__ZTV12GimbalRefMsg  gimbalrefmsg.o
    0x08004df8   0x08004df8   0x00000014   Data   RO         6225    .constdata__ZTV12SensorEntity  entity.o
    0x08004e0c   0x08004e0c   0x0000000c   Data   RO         8253    .constdata__ZTV13CanMsgHandler  boardpacket.o
    0x08004e18   0x08004e18   0x00000014   Data   RO         7855    .constdata__ZTV13PacketManager  packet.o
    0x08004e2c   0x08004e2c   0x00000010   Data   RO         6229    .constdata__ZTV14ActuatorEntity  entity.o
    0x08004e3c   0x08004e3c   0x0000000c   Data   RO         8364    .constdata__ZTV14ChassisCtrlMsg  chassisctrlmsg.o
    0x08004e48   0x08004e48   0x00000018   Data   RO         7344    .constdata__ZTV14ChassisStateRc  chassisstaterc.o
    0x08004e60   0x08004e60   0x00000018   Data   RO         7985    .constdata__ZTV14TestHostPacket  hostpacket.o
    0x08004e78   0x08004e78   0x00000018   Data   RO         8180    .constdata__ZTV15TestBoardPacket  boardpacket.o
    0x08004e90   0x08004e90   0x0000000c   Data   RO         7469    .constdata__ZTV16CanMsgDispatcher  canmsgdispatcher.o
    0x08004e9c   0x08004e9c   0x00000010   Data   RO         6227    .constdata__ZTV16ControllerEntity  entity.o
    0x08004eac   0x08004eac   0x00000018   Data   RO         8182    .constdata__ZTV16RobotStatePacket  boardpacket.o
    0x08004ec4   0x08004ec4   0x00000010   Data   RO         6991    .constdata__ZTV17ChassisController  chassiscontroller.o
    0x08004ed4   0x08004ed4   0x00000018   Data   RO         7232    .constdata__ZTV17ChassisStateDummy  chassisstatedummy.o
    0x08004eec   0x08004eec   0x00000014   Data   RO         7987    .constdata__ZTV17HostPacketManager  hostpacket.o
    0x08004f00   0x08004f00   0x00000024   Data   RO         8184    .constdata__ZTV18BoardPacketManager  boardpacket.o
    0x08004f24   0x08004f24   0x00000024   Data   RO         6420    .constdata__ZTV18M3508SensorHandler  m3508sensorhandler.o
    0x08004f48   0x08004f48   0x0000000c   Data   RO         6602    .constdata__ZTV20DjiCanMotorCommander  djicanmotorcommander.o
    0x08004f54   0x08004f54   0x0000000c   Data   RO         6366    .constdata__ZTV4Dr16  dr16.o
    0x08004f60   0x08004f60   0x0000000c   Data   RO         6894    .constdata__ZTV5Grasp  grasp.o
    0x08004f6c   0x08004f6c   0x00000010   Data   RO         6524    .constdata__ZTV5M3508  m3508.o
    0x08004f7c   0x08004f7c   0x00000010   Data   RO         6217    .constdata__ZTV6Entity  entity.o
    0x08004f8c   0x08004f8c   0x00000014   Data   RO         7857    .constdata__ZTV6Packet  packet.o
    0x08004fa0   0x08004fa0   0x00000020   Data   RO         9232    Region$$Table       anon$$obj.o
    0x08004fc0   0x08004fc0   0x00000004   Data   RO         8471    .init_array         main.o
    0x08004fc4   0x08004fc0   0x00000000   Data   RO         8758    .init_array         c_w.l(init_aeabi.o)


    Execution Region RW_IRAM1 (Exec base: 0x20000000, Load base: 0x08004fc4, Size: 0x000075d0, Max: 0x00030000, ABSOLUTE)

    Exec Addr    Load Addr    Size         Type   Attr      Idx    E Section Name        Object

    0x20000000   0x08004fc4   0x00000010   Data   RW         2849    .data               stm32f4xx_rcc.o
    0x20000010   0x08004fd4   0x00000014   Data   RW         5086    .data               system_stm32f4xx.o
    0x20000024   0x08004fe8   0x00000004   Data   RW         5219    .data               bsp_rc.o
    0x20000028   0x08004fec   0x00000008   Data   RW         6072    .data               robotengine.o
    0x20000030   0x08004ff4   0x00000010   Data   RW         8470    .data               main.o
    0x20000040   0x08005004   0x00000004   Data   RW         7477    .data__ZZN10CanManager8InstanceEvE8instance  canmsgdispatcher.o
    0x20000044   0x08005008   0x00000004   Data   RW         8708    .data__ZZN11JudgeSystem8InstanceEvE8instance  ispimp.o
    0x20000048   0x0800500c   0x00000008   Data   RW         7055    .data__ZZN14ChassisStateRc8InstanceEvE8instance  chassiscontroller.o
    0x20000050   0x08005014   0x00000004   Data   RW         7049    .data__ZZN16CanMsgDispatcher8InstanceEvE8instance  chassiscontroller.o
    0x20000054   0x08005018   0x0000000c   Data   RW         7054    .data__ZZN17ChassisStateDummy8InstanceEvE8instance  chassiscontroller.o
    0x20000060   0x08005024   0x00000004   Data   RW         8022    .data__ZZN17HostPacketManager8InstanceEvE8instance  hostpacket.o
    0x20000064   0x08005028   0x00000004   Data   RW         7051    .data__ZZN18BoardPacketManager8InstanceEvE8instance  chassiscontroller.o
    0x20000068   0x0800502c   0x00000004   Data   RW         6526    .data__ZZN20DjiCanMotorCommander8InstanceEvE8instance  m3508.o
    0x2000006c   0x08005030   0x00000004   Data   RW         6368    .data__ZZN4Dr168InstanceEvE8instance  dr16.o
    0x20000070   0x08005034   0x0000000c   Data   RW         6112    .data__ZZN4Time8InstanceEvE8instance  robotengine.o
    0x2000007c   0x08005040   0x0000000c   Data   RW         7053    .data__ZZN5Grasp8InstanceEvE8instance  chassiscontroller.o
    0x20000088   0x0800504c   0x00000008   Data   RW         7859    .data__ZZN6Buzzer8InstanceEvE8instance  packet.o
    0x20000090        -       0x0000005e   Zero   RW         5218    .bss                bsp_rc.o
    0x200000ee   0x08005054   0x00000002   PAD
    0x200000f0        -       0x000007fc   Zero   RW         8469    .bss                main.o
    0x200008ec        -       0x00000060   Zero   RW         9119    .bss                c_w.l(libspace.o)
    0x2000094c        -       0x00000d6c   Zero   RW         7478    .bss__ZZN10CanManager8InstanceEvE8instance  canmsgdispatcher.o
    0x200016b8        -       0x000012e4   Zero   RW         8709    .bss__ZZN11JudgeSystem8InstanceEvE8instance  ispimp.o
    0x2000299c        -       0x00000c24   Zero   RW         7050    .bss__ZZN16CanMsgDispatcher8InstanceEvE8instance  chassiscontroller.o
    0x200035c0        -       0x00001464   Zero   RW         8023    .bss__ZZN17HostPacketManager8InstanceEvE8instance  hostpacket.o
    0x20004a24        -       0x0000253c   Zero   RW         7052    .bss__ZZN18BoardPacketManager8InstanceEvE8instance  chassiscontroller.o
    0x20006f60        -       0x0000003c   Zero   RW         6527    .bss__ZZN20DjiCanMotorCommander8InstanceEvE8instance  m3508.o
    0x20006f9c        -       0x00000034   Zero   RW         6369    .bss__ZZN4Dr168InstanceEvE8instance  dr16.o
    0x20006fd0        -       0x00000200   Zero   RW            2    HEAP                startup_stm32f427x.o
    0x200071d0        -       0x00000400   Zero   RW            1    STACK               startup_stm32f427x.o


==============================================================================

Image component sizes


      Code (inc. data)   RO Data    RW Data    ZI Data      Debug   Object Name

       832         78        120          0          0      19888   boardpacket.o
       176         18          0          0          0       1551   bsp_buzzer.o
       480         18          0          0          0       1776   bsp_can.o
        76         12          0          0          0       1383   bsp_gpio.o
       444         48          0          0          0       2723   bsp_host_com.o
        16          8          0          0          0        454   bsp_imu.o
        16          8          0          0          0        462   bsp_judge.o
       280         56          0          0          0       2066   bsp_led.o
       184         24          0          0          0       2006   bsp_pwm.o
       780         64          0          4         94       5393   bsp_rc.o
       348          0          0          0          0       3388   canmanager.o
       344         16         12          4       3436       8000   canmsgdispatcher.o
      1652        184         28         40      12640      39799   chassiscontroller.o
       416         68         12          0          0      10500   chassisctrlmsg.o
       144         24         24          0          0      23752   chassisstatedummy.o
       122          4         24          0          0      13668   chassisstaterc.o
       162         12        768          0          0       3700   crc.o
       264         16         12          0          0       3384   djicanmotorcommander.o
       466         34         12          4         52       8200   dr16.o
       286         40         68          0          0      10484   entity.o
       220         44         12          0          0       6004   gimbalrefmsg.o
        98          6         12          0          0       4460   grasp.o
       378         20         44          4       5220      15904   hostpacket.o
       514         38          0          4       4836      16314   ispimp.o
        26          0          0          0          0     259228   judgesystem.o
       280         28         16          4         60      11984   m3508.o
       422         36         36          0          0      14236   m3508sensorhandler.o
       560         82          4         16       2044      42112   main.o
       178          0          0          0          0       6888   memorystream.o
       144         14          0          0          0     320789   misc.o
       930         42       2352          8          0      19088   packet.o
       336          6          0          0          0     260632   pid.o
       312         18        388         20          0      11360   robotengine.o
        64         26        428          0       1536        868   startup_stm32f427x.o
      1058         20          0          0          0       7014   stm32f4xx_can.o
       602         48          0          0          0       8611   stm32f4xx_dma.o
       160          0          0          0          0       2975   stm32f4xx_gpio.o
        16          0          0          0          0       3708   stm32f4xx_it.o
       268         46          0         16          0       6101   stm32f4xx_rcc.o
       336         44          0          0          0       4628   stm32f4xx_tim.o
       518         42          0          0          0       7228   stm32f4xx_usart.o
       300         36          0         20          0       1853   system_stm32f4xx.o

    ----------------------------------------------------------------------
     15254       1328       4404        144      29920    1194562   Object Totals
         0          0         32          0          0          0   (incl. Generated)
        46          0          0          0          2          0   (incl. Padding)

    ----------------------------------------------------------------------

      Code (inc. data)   RO Data    RW Data    ZI Data      Debug   Library Member Name

         8          0          0          0          0         68   __main.o
         0          0          0          0          0          0   __rtentry.o
        12          0          0          0          0          0   __rtentry2.o
         6          0          0          0          0          0   __rtentry4.o
        52          8          0          0          0          0   __scatter.o
        26          0          0          0          0          0   __scatter_copy.o
        28          0          0          0          0          0   __scatter_zi.o
        10          0          0          0          0         68   defsig_exit.o
        50          0          0          0          0         88   defsig_general.o
        48         34          0          0          0         76   defsig_pvfn_inner.o
        14          0          0          0          0         80   defsig_pvfn_outer.o
        18          0          0          0          0         80   exit.o
         6          0          0          0          0        152   heapauxi.o
         0          0          0          0          0          0   indicate_semi.o
        36         10          0          0          0         80   init_aeabi.o
         2          0          0          0          0          0   libinit.o
        10          0          0          0          0          0   libinit2.o
         2          0          0          0          0          0   libshutdown.o
         2          0          0          0          0          0   libshutdown2.o
         8          4          0          0         96         68   libspace.o
       138          0          0          0          0         68   rt_memcpy_v6.o
       100          0          0          0          0         80   rt_memcpy_w.o
         2          0          0          0          0          0   rtexit.o
        10          0          0          0          0          0   rtexit2.o
        12          4          0          0          0         68   sys_exit.o
        74          0          0          0          0         80   sys_stackheap_outer.o
        14          0          0          0          0         76   sys_wrch.o
         2          0          0          0          0         68   use_no_semi.o
        36          0          0          0          0         84   aeabi_vec_ctor_nocookie_nodtor.o
        16          0          0          0          0         68   cxa_guard_acquire.o
         6          0          0          0          0         68   pure_virt.o
        10          0          0          0          0        116   fpinit.o

    ----------------------------------------------------------------------
       762         60          0          0         96       1536   Library Totals
         4          0          0          0          0          0   (incl. Padding)

    ----------------------------------------------------------------------

      Code (inc. data)   RO Data    RW Data    ZI Data      Debug   Library Name

       690         60          0          0         96       1200   c_w.l
        58          0          0          0          0        220   cpprt_w.l
        10          0          0          0          0        116   fz_wm.l

    ----------------------------------------------------------------------
       762         60          0          0         96       1536   Library Totals

    ----------------------------------------------------------------------

==============================================================================


      Code (inc. data)   RO Data    RW Data    ZI Data      Debug   

     16016       1388       4404        144      30016    1173570   Grand Totals
     16016       1388       4404        144      30016    1173570   ELF Image Totals
     16016       1388       4404        144          0          0   ROM Totals

==============================================================================

    Total RO  Size (Code + RO Data)                20420 (  19.94kB)
    Total RW  Size (RW Data + ZI Data)             30160 (  29.45kB)
    Total ROM Size (Code + RO Data + RW Data)      20564 (  20.08kB)

==============================================================================

